{"case": "counter-h4-d0-o1-c0", "status": "infeasible", "cost": null, "cpu": 0.001217}
{"case": "counter-h4-d0-o1-c1", "status": "feasible", "cost": 1, "cpu": 0.000743}
{"case": "counter-h4-d0-o1-c2", "status": "feasible", "cost": 2, "cpu": 0.00071}
{"case": "counter-h4-d0-o1-c012", "status": "infeasible", "cost": null, "cpu": 0.001184}
{"case": "counter-h4-d0-o2-c0", "status": "infeasible", "cost": null, "cpu": 0.001265}
{"case": "counter-h4-d0-o2-c1", "status": "feasible", "cost": 1, "cpu": 0.00152}
{"case": "counter-h4-d0-o2-c2", "status": "feasible", "cost": 2, "cpu": 0.001366}
{"case": "counter-h4-d0-o2-c012", "status": "infeasible", "cost": null, "cpu": 0.001406}
{"case": "counter-h4-d1-o1-c0", "status": "infeasible", "cost": null, "cpu": 0.001124}
{"case": "counter-h4-d1-o1-c1", "status": "feasible", "cost": 2, "cpu": 0.000682}
{"case": "counter-h4-d1-o1-c2", "status": "feasible", "cost": 2, "cpu": 0.000781}
{"case": "counter-h4-d1-o1-c012", "status": "infeasible", "cost": null, "cpu": 0.0012}
{"case": "counter-h4-d1-o2-c0", "status": "infeasible", "cost": null, "cpu": 0.001235}
{"case": "counter-h4-d1-o2-c1", "status": "feasible", "cost": 2, "cpu": 0.003503}
{"case": "counter-h4-d1-o2-c2", "status": "feasible", "cost": 2, "cpu": 0.002723}
{"case": "counter-h4-d1-o2-c012", "status": "infeasible", "cost": null, "cpu": 0.00135}
{"case": "counter-h4-d2-o1-c0", "status": "infeasible", "cost": null, "cpu": 0.0011}
{"case": "counter-h4-d2-o1-c1", "status": "feasible", "cost": 4, "cpu": 0.001722}
{"case": "counter-h4-d2-o1-c2", "status": "infeasible", "cost": null, "cpu": 0.001143}
{"case": "counter-h4-d2-o1-c012", "status": "infeasible", "cost": null, "cpu": 0.001258}
{"case": "counter-h4-d2-o2-c0", "status": "infeasible", "cost": null, "cpu": 0.001166}
{"case": "counter-h4-d2-o2-c1", "status": "feasible", "cost": 4, "cpu": 0.002536}
{"case": "counter-h4-d2-o2-c2", "status": "infeasible", "cost": null, "cpu": 0.001316}
{"case": "counter-h4-d2-o2-c012", "status": "infeasible", "cost": null, "cpu": 0.001334}
{"case": "counter-h8-d0-o1-c0", "status": "infeasible", "cost": null, "cpu": 0.002921}
{"case": "counter-h8-d0-o1-c1", "status": "feasible", "cost": 1, "cpu": 0.00112}
{"case": "counter-h8-d0-o1-c2", "status": "feasible", "cost": 1, "cpu": 0.001098}
{"case": "counter-h8-d0-o1-c012", "status": "infeasible", "cost": null, "cpu": 0.003079}
{"case": "counter-h8-d0-o2-c0", "status": "infeasible", "cost": null, "cpu": 0.002881}
{"case": "counter-h8-d0-o2-c1", "status": "feasible", "cost": 1, "cpu": 0.003134}
{"case": "counter-h8-d0-o2-c2", "status": "feasible", "cost": 1, "cpu": 0.003092}
{"case": "counter-h8-d0-o2-c012", "status": "infeasible", "cost": null, "cpu": 0.003466}
{"case": "counter-h8-d1-o1-c0", "status": "infeasible", "cost": null, "cpu": 0.003178}
{"case": "counter-h8-d1-o1-c1", "status": "feasible", "cost": 1, "cpu": 0.001283}
{"case": "counter-h8-d1-o1-c2", "status": "feasible", "cost": 2, "cpu": 0.001472}
{"case": "counter-h8-d1-o1-c012", "status": "infeasible", "cost": null, "cpu": 0.003057}
{"case": "counter-h8-d1-o2-c0", "status": "infeasible", "cost": null, "cpu": 0.002878}
{"case": "counter-h8-d1-o2-c1", "status": "feasible", "cost": 2, "cpu": 0.011281}
{"case": "counter-h8-d1-o2-c2", "status": "feasible", "cost": 2, "cpu": 0.010599}
{"case": "counter-h8-d1-o2-c012", "status": "infeasible", "cost": null, "cpu": 0.003658}
{"case": "counter-h8-d2-o1-c0", "status": "infeasible", "cost": null, "cpu": 0.003281}
{"case": "counter-h8-d2-o1-c1", "status": "feasible", "cost": 2, "cpu": 0.00418}
{"case": "counter-h8-d2-o1-c2", "status": "feasible", "cost": 2, "cpu": 0.004151}
{"case": "counter-h8-d2-o1-c012", "status": "infeasible", "cost": null, "cpu": 0.004016}
{"case": "counter-h8-d2-o2-c0", "status": "infeasible", "cost": null, "cpu": 0.003302}
{"case": "counter-h8-d2-o2-c1", "status": "feasible", "cost": 2, "cpu": 0.010051}
{"case": "counter-h8-d2-o2-c2", "status": "feasible", "cost": 2, "cpu": 0.009423}
{"case": "counter-h8-d2-o2-c012", "status": "infeasible", "cost": null, "cpu": 0.003485}
{"case": "counter-h12-d0-o1-c0", "status": "infeasible", "cost": null, "cpu": 0.00574}
{"case": "counter-h12-d0-o1-c1", "status": "feasible", "cost": 1, "cpu": 0.001965}
{"case": "counter-h12-d0-o1-c2", "status": "feasible", "cost": 1, "cpu": 0.001795}
{"case": "counter-h12-d0-o1-c012", "status": "infeasible", "cost": null, "cpu": 0.006381}
{"case": "counter-h12-d0-o2-c0", "status": "infeasible", "cost": null, "cpu": 0.006411}
{"case": "counter-h12-d0-o2-c1", "status": "feasible", "cost": 1, "cpu": 0.006043}
{"case": "counter-h12-d0-o2-c2", "status": "feasible", "cost": 1, "cpu": 0.00576}
{"case": "counter-h12-d0-o2-c012", "status": "infeasible", "cost": null, "cpu": 0.006843}
{"case": "counter-h12-d1-o1-c0", "status": "infeasible", "cost": null, "cpu": 0.005929}
{"case": "counter-h12-d1-o1-c1", "status": "feasible", "cost": 1, "cpu": 0.001977}
{"case": "counter-h12-d1-o1-c2", "status": "feasible", "cost": 1, "cpu": 0.002196}
{"case": "counter-h12-d1-o1-c012", "status": "infeasible", "cost": null, "cpu": 0.00652}
{"case": "counter-h12-d1-o2-c0", "status": "infeasible", "cost": null, "cpu": 0.005803}
{"case": "counter-h12-d1-o2-c1", "status": "feasible", "cost": 2, "cpu": 0.022692}
{"case": "counter-h12-d1-o2-c2", "status": "feasible", "cost": 1, "cpu": 0.005913}
{"case": "counter-h12-d1-o2-c012", "status": "infeasible", "cost": null, "cpu": 0.006954}
{"case": "counter-h12-d2-o1-c0", "status": "infeasible", "cost": null, "cpu": 0.005775}
{"case": "counter-h12-d2-o1-c1", "status": "feasible", "cost": 2, "cpu": 0.008753}
{"case": "counter-h12-d2-o1-c2", "status": "feasible", "cost": 2, "cpu": 0.002789}
{"case": "counter-h12-d2-o1-c012", "status": "infeasible", "cost": null, "cpu": 0.005985}
{"case": "counter-h12-d2-o2-c0", "status": "infeasible", "cost": null, "cpu": 0.005796}
{"case": "counter-h12-d2-o2-c1", "status": "feasible", "cost": 2, "cpu": 0.020547}
{"case": "counter-h12-d2-o2-c2", "status": "feasible", "cost": 2, "cpu": 0.02182}
{"case": "counter-h12-d2-o2-c012", "status": "infeasible", "cost": null, "cpu": 0.006915}
{"case": "fifo-h4-d0-o1-c0", "status": "infeasible", "cost": null, "cpu": 0.004943}
{"case": "fifo-h4-d0-o1-c1", "status": "infeasible", "cost": null, "cpu": 0.008709}
{"case": "fifo-h4-d0-o1-c2", "status": "infeasible", "cost": null, "cpu": 0.009878}
{"case": "fifo-h4-d0-o1-c012", "status": "infeasible", "cost": null, "cpu": 0.005127}
{"case": "fifo-h4-d0-o2-c0", "status": "infeasible", "cost": null, "cpu": 0.005253}
{"case": "fifo-h4-d0-o2-c1", "status": "infeasible", "cost": null, "cpu": 0.020574}
{"case": "fifo-h4-d0-o2-c2", "status": "infeasible", "cost": null, "cpu": 0.020043}
{"case": "fifo-h4-d0-o2-c012", "status": "infeasible", "cost": null, "cpu": 0.005161}
{"case": "fifo-h4-d1-o1-c0", "status": "infeasible", "cost": null, "cpu": 0.004928}
{"case": "fifo-h4-d1-o1-c1", "status": "infeasible", "cost": null, "cpu": 0.008489}
{"case": "fifo-h4-d1-o1-c2", "status": "infeasible", "cost": null, "cpu": 0.010173}
{"case": "fifo-h4-d1-o1-c012", "status": "infeasible", "cost": null, "cpu": 0.005922}
{"case": "fifo-h4-d1-o2-c0", "status": "infeasible", "cost": null, "cpu": 0.005219}
{"case": "fifo-h4-d1-o2-c1", "status": "infeasible", "cost": null, "cpu": 0.01686}
{"case": "fifo-h4-d1-o2-c2", "status": "infeasible", "cost": null, "cpu": 0.022867}
{"case": "fifo-h4-d1-o2-c012", "status": "infeasible", "cost": null, "cpu": 0.005431}
{"case": "fifo-h4-d2-o1-c0", "status": "infeasible", "cost": null, "cpu": 0.005082}
{"case": "fifo-h4-d2-o1-c1", "status": "infeasible", "cost": null, "cpu": 0.007199}
{"case": "fifo-h4-d2-o1-c2", "status": "infeasible", "cost": null, "cpu": 0.007779}
{"case": "fifo-h4-d2-o1-c012", "status": "infeasible", "cost": null, "cpu": 0.005273}
{"case": "fifo-h4-d2-o2-c0", "status": "infeasible", "cost": null, "cpu": 0.005044}
{"case": "fifo-h4-d2-o2-c1", "status": "infeasible", "cost": null, "cpu": 0.01247}
{"case": "fifo-h4-d2-o2-c2", "status": "infeasible", "cost": null, "cpu": 0.013946}
{"case": "fifo-h4-d2-o2-c012", "status": "infeasible", "cost": null, "cpu": 0.005345}
{"case": "fifo-h8-d0-o1-c0", "status": "infeasible", "cost": null, "cpu": 0.01373}
{"case": "fifo-h8-d0-o1-c1", "status": "infeasible", "cost": null, "cpu": 0.024687}
{"case": "fifo-h8-d0-o1-c2", "status": "infeasible", "cost": null, "cpu": 0.024256}
{"case": "fifo-h8-d0-o1-c012", "status": "infeasible", "cost": null, "cpu": 0.014331}
{"case": "fifo-h8-d0-o2-c0", "status": "infeasible", "cost": null, "cpu": 0.013632}
{"case": "fifo-h8-d0-o2-c1", "status": "infeasible", "cost": null, "cpu": 0.056176}
{"case": "fifo-h8-d0-o2-c2", "status": "infeasible", "cost": null, "cpu": 0.056028}
{"case": "fifo-h8-d0-o2-c012", "status": "infeasible", "cost": null, "cpu": 0.014563}
{"case": "fifo-h8-d1-o1-c0", "status": "infeasible", "cost": null, "cpu": 0.013613}
{"case": "fifo-h8-d1-o1-c1", "status": "infeasible", "cost": null, "cpu": 0.026157}
{"case": "fifo-h8-d1-o1-c2", "status": "infeasible", "cost": null, "cpu": 0.027031}
{"case": "fifo-h8-d1-o1-c012", "status": "infeasible", "cost": null, "cpu": 0.014484}
{"case": "fifo-h8-d1-o2-c0", "status": "infeasible", "cost": null, "cpu": 0.014431}
{"case": "fifo-h8-d1-o2-c1", "status": "infeasible", "cost": null, "cpu": 0.061814}
{"case": "fifo-h8-d1-o2-c2", "status": "infeasible", "cost": null, "cpu": 0.058764}
{"case": "fifo-h8-d1-o2-c012", "status": "infeasible", "cost": null, "cpu": 0.017373}
{"case": "fifo-h8-d2-o1-c0", "status": "infeasible", "cost": null, "cpu": 0.014969}
{"case": "fifo-h8-d2-o1-c1", "status": "infeasible", "cost": null, "cpu": 0.03182}
{"case": "fifo-h8-d2-o1-c2", "status": "infeasible", "cost": null, "cpu": 0.026255}
{"case": "fifo-h8-d2-o1-c012", "status": "infeasible", "cost": null, "cpu": 0.014054}
{"case": "fifo-h8-d2-o2-c0", "status": "infeasible", "cost": null, "cpu": 0.013649}
{"case": "fifo-h8-d2-o2-c1", "status": "infeasible", "cost": null, "cpu": 0.068041}
{"case": "fifo-h8-d2-o2-c2", "status": "infeasible", "cost": null, "cpu": 0.057163}
{"case": "fifo-h8-d2-o2-c012", "status": "infeasible", "cost": null, "cpu": 0.015043}
{"case": "fifo-h12-d0-o1-c0", "status": "infeasible", "cost": null, "cpu": 0.032343}
{"case": "fifo-h12-d0-o1-c1", "status": "infeasible", "cost": null, "cpu": 0.051087}
{"case": "fifo-h12-d0-o1-c2", "status": "feasible", "cost": 1, "cpu": 0.002552}
{"case": "fifo-h12-d0-o1-c012", "status": "infeasible", "cost": null, "cpu": 0.030192}
{"case": "fifo-h12-d0-o2-c0", "status": "infeasible", "cost": null, "cpu": 0.027162}
{"case": "fifo-h12-d0-o2-c1", "status": "infeasible", "cost": null, "cpu": 0.118885}
{"case": "fifo-h12-d0-o2-c2", "status": "feasible", "cost": 1, "cpu": 0.005275}
{"case": "fifo-h12-d0-o2-c012", "status": "infeasible", "cost": null, "cpu": 0.028961}
{"case": "fifo-h12-d1-o1-c0", "status": "infeasible", "cost": null, "cpu": 0.02743}
{"case": "fifo-h12-d1-o1-c1", "status": "infeasible", "cost": null, "cpu": 0.050209}
{"case": "fifo-h12-d1-o1-c2", "status": "feasible", "cost": 1, "cpu": 0.002331}
{"case": "fifo-h12-d1-o1-c012", "status": "infeasible", "cost": null, "cpu": 0.027823}
{"case": "fifo-h12-d1-o2-c0", "status": "infeasible", "cost": null, "cpu": 0.027075}
{"case": "fifo-h12-d1-o2-c1", "status": "infeasible", "cost": null, "cpu": 0.117209}
{"case": "fifo-h12-d1-o2-c2", "status": "feasible", "cost": 1, "cpu": 0.005312}
{"case": "fifo-h12-d1-o2-c012", "status": "infeasible", "cost": null, "cpu": 0.02863}
{"case": "fifo-h12-d2-o1-c0", "status": "infeasible", "cost": null, "cpu": 0.028389}
{"case": "fifo-h12-d2-o1-c1", "status": "infeasible", "cost": null, "cpu": 0.055652}
{"case": "fifo-h12-d2-o1-c2", "status": "feasible", "cost": 2, "cpu": 0.03694}
{"case": "fifo-h12-d2-o1-c012", "status": "infeasible", "cost": null, "cpu": 0.027986}
{"case": "fifo-h12-d2-o2-c0", "status": "infeasible", "cost": null, "cpu": 0.027464}
{"case": "fifo-h12-d2-o2-c1", "status": "infeasible", "cost": null, "cpu": 0.134682}
{"case": "fifo-h12-d2-o2-c2", "status": "feasible", "cost": 2, "cpu": 0.075833}
{"case": "fifo-h12-d2-o2-c012", "status": "infeasible", "cost": null, "cpu": 0.029457}
{"case": "arbiter-h4-d0-o1-c0", "status": "infeasible", "cost": null, "cpu": 0.00123}
{"case": "arbiter-h4-d0-o1-c1", "status": "infeasible", "cost": null, "cpu": 0.002083}
{"case": "arbiter-h4-d0-o1-c2", "status": "feasible", "cost": 1, "cpu": 0.001048}
{"case": "arbiter-h4-d0-o1-c012", "status": "infeasible", "cost": null, "cpu": 0.001363}
{"case": "arbiter-h4-d0-o2-c0", "status": "infeasible", "cost": null, "cpu": 0.001158}
{"case": "arbiter-h4-d0-o2-c1", "status": "infeasible", "cost": null, "cpu": 0.002634}
{"case": "arbiter-h4-d0-o2-c2", "status": "feasible", "cost": 2, "cpu": 0.002327}
{"case": "arbiter-h4-d0-o2-c012", "status": "infeasible", "cost": null, "cpu": 0.00162}
{"case": "arbiter-h4-d1-o1-c0", "status": "infeasible", "cost": null, "cpu": 0.001163}
{"case": "arbiter-h4-d1-o1-c1", "status": "infeasible", "cost": null, "cpu": 0.002221}
{"case": "arbiter-h4-d1-o1-c2", "status": "feasible", "cost": 4, "cpu": 0.003004}
{"case": "arbiter-h4-d1-o1-c012", "status": "infeasible", "cost": null, "cpu": 0.001318}
{"case": "arbiter-h4-d1-o2-c0", "status": "infeasible", "cost": null, "cpu": 0.001285}
{"case": "arbiter-h4-d1-o2-c1", "status": "infeasible", "cost": null, "cpu": 0.003123}
{"case": "arbiter-h4-d1-o2-c2", "status": "feasible", "cost": 4, "cpu": 0.003462}
{"case": "arbiter-h4-d1-o2-c012", "status": "infeasible", "cost": null, "cpu": 0.001661}
{"case": "arbiter-h4-d2-o1-c0", "status": "infeasible", "cost": null, "cpu": 0.001244}
{"case": "arbiter-h4-d2-o1-c1", "status": "infeasible", "cost": null, "cpu": 0.001521}
{"case": "arbiter-h4-d2-o1-c2", "status": "infeasible", "cost": null, "cpu": 0.001566}
{"case": "arbiter-h4-d2-o1-c012", "status": "infeasible", "cost": null, "cpu": 0.001371}
{"case": "arbiter-h4-d2-o2-c0", "status": "infeasible", "cost": null, "cpu": 0.001221}
{"case": "arbiter-h4-d2-o2-c1", "status": "infeasible", "cost": null, "cpu": 0.002104}
{"case": "arbiter-h4-d2-o2-c2", "status": "infeasible", "cost": null, "cpu": 0.001844}
{"case": "arbiter-h4-d2-o2-c012", "status": "infeasible", "cost": null, "cpu": 0.001663}
{"case": "arbiter-h8-d0-o1-c0", "status": "infeasible", "cost": null, "cpu": 0.003031}
{"case": "arbiter-h8-d0-o1-c1", "status": "infeasible", "cost": null, "cpu": 0.006192}
{"case": "arbiter-h8-d0-o1-c2", "status": "feasible", "cost": 1, "cpu": 0.002074}
{"case": "arbiter-h8-d0-o1-c012", "status": "infeasible", "cost": null, "cpu": 0.003429}
{"case": "arbiter-h8-d0-o2-c0", "status": "infeasible", "cost": null, "cpu": 0.003044}
{"case": "arbiter-h8-d0-o2-c1", "status": "infeasible", "cost": null, "cpu": 0.007122}
{"case": "arbiter-h8-d0-o2-c2", "status": "feasible", "cost": 1, "cpu": 0.004414}
{"case": "arbiter-h8-d0-o2-c012", "status": "infeasible", "cost": null, "cpu": 0.004718}
{"case": "arbiter-h8-d1-o1-c0", "status": "infeasible", "cost": null, "cpu": 0.003152}
{"case": "arbiter-h8-d1-o1-c1", "status": "infeasible", "cost": null, "cpu": 0.005926}
{"case": "arbiter-h8-d1-o1-c2", "status": "feasible", "cost": 2, "cpu": 0.005299}
{"case": "arbiter-h8-d1-o1-c012", "status": "infeasible", "cost": null, "cpu": 0.003589}
{"case": "arbiter-h8-d1-o2-c0", "status": "infeasible", "cost": null, "cpu": 0.00305}
{"case": "arbiter-h8-d1-o2-c1", "status": "infeasible", "cost": null, "cpu": 0.008454}
{"case": "arbiter-h8-d1-o2-c2", "status": "feasible", "cost": 2, "cpu": 0.007494}
{"case": "arbiter-h8-d1-o2-c012", "status": "infeasible", "cost": null, "cpu": 0.004137}
{"case": "arbiter-h8-d2-o1-c0", "status": "infeasible", "cost": null, "cpu": 0.003002}
{"case": "arbiter-h8-d2-o1-c1", "status": "infeasible", "cost": null, "cpu": 0.006254}
{"case": "arbiter-h8-d2-o1-c2", "status": "infeasible", "cost": null, "cpu": 0.00413}
{"case": "arbiter-h8-d2-o1-c012", "status": "infeasible", "cost": null, "cpu": 0.003569}
{"case": "arbiter-h8-d2-o2-c0", "status": "infeasible", "cost": null, "cpu": 0.002977}
{"case": "arbiter-h8-d2-o2-c1", "status": "infeasible", "cost": null, "cpu": 0.008637}
{"case": "arbiter-h8-d2-o2-c2", "status": "infeasible", "cost": null, "cpu": 0.005918}
{"case": "arbiter-h8-d2-o2-c012", "status": "infeasible", "cost": null, "cpu": 0.004196}
{"case": "arbiter-h12-d0-o1-c0", "status": "infeasible", "cost": null, "cpu": 0.005822}
{"case": "arbiter-h12-d0-o1-c1", "status": "infeasible", "cost": null, "cpu": 0.011977}
{"case": "arbiter-h12-d0-o1-c2", "status": "feasible", "cost": 1, "cpu": 0.003733}
{"case": "arbiter-h12-d0-o1-c012", "status": "infeasible", "cost": null, "cpu": 0.006794}
{"case": "arbiter-h12-d0-o2-c0", "status": "infeasible", "cost": null, "cpu": 0.00591}
{"case": "arbiter-h12-d0-o2-c1", "status": "infeasible", "cost": null, "cpu": 0.018495}
{"case": "arbiter-h12-d0-o2-c2", "status": "feasible", "cost": 1, "cpu": 0.009176}
{"case": "arbiter-h12-d0-o2-c012", "status": "infeasible", "cost": null, "cpu": 0.008428}
{"case": "arbiter-h12-d1-o1-c0", "status": "infeasible", "cost": null, "cpu": 0.005873}
{"case": "arbiter-h12-d1-o1-c1", "status": "infeasible", "cost": null, "cpu": 0.011686}
{"case": "arbiter-h12-d1-o1-c2", "status": "feasible", "cost": 1, "cpu": 0.003923}
{"case": "arbiter-h12-d1-o1-c012", "status": "infeasible", "cost": null, "cpu": 0.006773}
{"case": "arbiter-h12-d1-o2-c0", "status": "infeasible", "cost": null, "cpu": 0.005802}
{"case": "arbiter-h12-d1-o2-c1", "status": "infeasible", "cost": null, "cpu": 0.016072}
{"case": "arbiter-h12-d1-o2-c2", "status": "feasible", "cost": 2, "cpu": 0.009787}
{"case": "arbiter-h12-d1-o2-c012", "status": "infeasible", "cost": null, "cpu": 0.008206}
{"case": "arbiter-h12-d2-o1-c0", "status": "infeasible", "cost": null, "cpu": 0.005788}
{"case": "arbiter-h12-d2-o1-c1", "status": "infeasible", "cost": null, "cpu": 0.011474}
{"case": "arbiter-h12-d2-o1-c2", "status": "feasible", "cost": 3, "cpu": 0.010667}
{"case": "arbiter-h12-d2-o1-c012", "status": "infeasible", "cost": null, "cpu": 0.007112}
{"case": "arbiter-h12-d2-o2-c0", "status": "infeasible", "cost": null, "cpu": 0.006075}
{"case": "arbiter-h12-d2-o2-c1", "status": "infeasible", "cost": null, "cpu": 0.015299}
{"case": "arbiter-h12-d2-o2-c2", "status": "feasible", "cost": 3, "cpu": 0.017259}
{"case": "arbiter-h12-d2-o2-c012", "status": "infeasible", "cost": null, "cpu": 0.008048}
{"case": "credit-h4-d0-o1-c0", "status": "infeasible", "cost": null, "cpu": 0.002442}
{"case": "credit-h4-d0-o1-c1", "status": "infeasible", "cost": null, "cpu": 0.006548}
{"case": "credit-h4-d0-o1-c2", "status": "infeasible", "cost": null, "cpu": 0.007021}
{"case": "credit-h4-d0-o1-c012", "status": "infeasible", "cost": null, "cpu": 0.002706}
{"case": "credit-h4-d0-o2-c0", "status": "infeasible", "cost": null, "cpu": 0.002403}
{"case": "credit-h4-d0-o2-c1", "status": "infeasible", "cost": null, "cpu": 0.017764}
{"case": "credit-h4-d0-o2-c2", "status": "infeasible", "cost": null, "cpu": 0.018235}
{"case": "credit-h4-d0-o2-c012", "status": "infeasible", "cost": null, "cpu": 0.002983}
{"case": "credit-h4-d1-o1-c0", "status": "infeasible", "cost": null, "cpu": 0.002411}
{"case": "credit-h4-d1-o1-c1", "status": "infeasible", "cost": null, "cpu": 0.006772}
{"case": "credit-h4-d1-o1-c2", "status": "infeasible", "cost": null, "cpu": 0.007004}
{"case": "credit-h4-d1-o1-c012", "status": "infeasible", "cost": null, "cpu": 0.002849}
{"case": "credit-h4-d1-o2-c0", "status": "infeasible", "cost": null, "cpu": 0.002812}
{"case": "credit-h4-d1-o2-c1", "status": "infeasible", "cost": null, "cpu": 0.016164}
{"case": "credit-h4-d1-o2-c2", "status": "infeasible", "cost": null, "cpu": 0.018452}
{"case": "credit-h4-d1-o2-c012", "status": "infeasible", "cost": null, "cpu": 0.002988}
{"case": "credit-h4-d2-o1-c0", "status": "infeasible", "cost": null, "cpu": 0.002458}
{"case": "credit-h4-d2-o1-c1", "status": "infeasible", "cost": null, "cpu": 0.004091}
{"case": "credit-h4-d2-o1-c2", "status": "infeasible", "cost": null, "cpu": 0.002639}
{"case": "credit-h4-d2-o1-c012", "status": "infeasible", "cost": null, "cpu": 0.002931}
{"case": "credit-h4-d2-o2-c0", "status": "infeasible", "cost": null, "cpu": 0.002566}
{"case": "credit-h4-d2-o2-c1", "status": "infeasible", "cost": null, "cpu": 0.007706}
{"case": "credit-h4-d2-o2-c2", "status": "infeasible", "cost": null, "cpu": 0.003389}
{"case": "credit-h4-d2-o2-c012", "status": "infeasible", "cost": null, "cpu": 0.00332}
{"case": "credit-h8-d0-o1-c0", "status": "infeasible", "cost": null, "cpu": 0.00669}
{"case": "credit-h8-d0-o1-c1", "status": "infeasible", "cost": null, "cpu": 0.020252}
{"case": "credit-h8-d0-o1-c2", "status": "feasible", "cost": 1, "cpu": 0.00224}
{"case": "credit-h8-d0-o1-c012", "status": "infeasible", "cost": null, "cpu": 0.006904}
{"case": "credit-h8-d0-o2-c0", "status": "infeasible", "cost": null, "cpu": 0.006737}
{"case": "credit-h8-d0-o2-c1", "status": "infeasible", "cost": null, "cpu": 0.056358}
{"case": "credit-h8-d0-o2-c2", "status": "feasible", "cost": 1, "cpu": 0.0068}
{"case": "credit-h8-d0-o2-c012", "status": "infeasible", "cost": null, "cpu": 0.008343}
{"case": "credit-h8-d1-o1-c0", "status": "infeasible", "cost": null, "cpu": 0.006982}
{"case": "credit-h8-d1-o1-c1", "status": "infeasible", "cost": null, "cpu": 0.020904}
{"case": "credit-h8-d1-o1-c2", "status": "feasible", "cost": 3, "cpu": 0.018384}
{"case": "credit-h8-d1-o1-c012", "status": "infeasible", "cost": null, "cpu": 0.00699}
{"case": "credit-h8-d1-o2-c0", "status": "infeasible", "cost": null, "cpu": 0.00668}
{"case": "credit-h8-d1-o2-c1", "status": "infeasible", "cost": null, "cpu": 0.056886}
{"case": "credit-h8-d1-o2-c2", "status": "feasible", "cost": 3, "cpu": 0.040256}
{"case": "credit-h8-d1-o2-c012", "status": "infeasible", "cost": null, "cpu": 0.00795}
{"case": "credit-h8-d2-o1-c0", "status": "infeasible", "cost": null, "cpu": 0.006713}
{"case": "credit-h8-d2-o1-c1", "status": "infeasible", "cost": null, "cpu": 0.021732}
{"case": "credit-h8-d2-o1-c2", "status": "infeasible", "cost": null, "cpu": 0.017624}
{"case": "credit-h8-d2-o1-c012", "status": "infeasible", "cost": null, "cpu": 0.006904}
{"case": "credit-h8-d2-o2-c0", "status": "infeasible", "cost": null, "cpu": 0.007775}
{"case": "credit-h8-d2-o2-c1", "status": "infeasible", "cost": null, "cpu": 0.055654}
{"case": "credit-h8-d2-o2-c2", "status": "infeasible", "cost": null, "cpu": 0.05038}
{"case": "credit-h8-d2-o2-c012", "status": "infeasible", "cost": null, "cpu": 0.008568}
{"case": "credit-h12-d0-o1-c0", "status": "infeasible", "cost": null, "cpu": 0.014841}
{"case": "credit-h12-d0-o1-c1", "status": "infeasible", "cost": null, "cpu": 0.042519}
{"case": "credit-h12-d0-o1-c2", "status": "feasible", "cost": 1, "cpu": 0.004123}
{"case": "credit-h12-d0-o1-c012", "status": "infeasible", "cost": null, "cpu": 0.015752}
{"case": "credit-h12-d0-o2-c0", "status": "infeasible", "cost": null, "cpu": 0.013051}
{"case": "credit-h12-d0-o2-c1", "status": "infeasible", "cost": null, "cpu": 0.11781}
{"case": "credit-h12-d0-o2-c2", "status": "feasible", "cost": 1, "cpu": 0.013235}
{"case": "credit-h12-d0-o2-c012", "status": "infeasible", "cost": null, "cpu": 0.0163}
{"case": "credit-h12-d1-o1-c0", "status": "infeasible", "cost": null, "cpu": 0.01275}
{"case": "credit-h12-d1-o1-c1", "status": "infeasible", "cost": null, "cpu": 0.042446}
{"case": "credit-h12-d1-o1-c2", "status": "feasible", "cost": 1, "cpu": 0.003954}
{"case": "credit-h12-d1-o1-c012", "status": "infeasible", "cost": null, "cpu": 0.013759}
{"case": "credit-h12-d1-o2-c0", "status": "infeasible", "cost": null, "cpu": 0.013402}
{"case": "credit-h12-d1-o2-c1", "status": "infeasible", "cost": null, "cpu": 0.116361}
{"case": "credit-h12-d1-o2-c2", "status": "feasible", "cost": 1, "cpu": 0.013716}
{"case": "credit-h12-d1-o2-c012", "status": "infeasible", "cost": null, "cpu": 0.015924}
{"case": "credit-h12-d2-o1-c0", "status": "infeasible", "cost": null, "cpu": 0.01318}
{"case": "credit-h12-d2-o1-c1", "status": "infeasible", "cost": null, "cpu": 0.046413}
{"case": "credit-h12-d2-o1-c2", "status": "feasible", "cost": 2, "cpu": 0.02913}
{"case": "credit-h12-d2-o1-c012", "status": "infeasible", "cost": null, "cpu": 0.014163}
{"case": "credit-h12-d2-o2-c0", "status": "infeasible", "cost": null, "cpu": 0.01318}
{"case": "credit-h12-d2-o2-c1", "status": "infeasible", "cost": null, "cpu": 0.119451}
{"case": "credit-h12-d2-o2-c2", "status": "feasible", "cost": 2, "cpu": 0.073977}
{"case": "credit-h12-d2-o2-c012", "status": "infeasible", "cost": null, "cpu": 0.015812}
{"case": "handshake-h4-d0-o1-c0", "status": "infeasible", "cost": null, "cpu": 0.001139}
{"case": "handshake-h4-d0-o1-c1", "status": "feasible", "cost": 1, "cpu": 0.000576}
{"case": "handshake-h4-d0-o1-c2", "status": "feasible", "cost": 1, "cpu": 0.000564}
{"case": "handshake-h4-d0-o1-c012", "status": "infeasible", "cost": null, "cpu": 0.001227}
{"case": "handshake-h4-d0-o2-c0", "status": "infeasible", "cost": null, "cpu": 0.001127}
{"case": "handshake-h4-d0-o2-c1", "status": "feasible", "cost": 2, "cpu": 0.001376}
{"case": "handshake-h4-d0-o2-c2", "status": "infeasible", "cost": null, "cpu": 0.00219}
{"case": "handshake-h4-d0-o2-c012", "status": "infeasible", "cost": null, "cpu": 0.001372}
{"case": "handshake-h4-d1-o1-c0", "status": "infeasible", "cost": null, "cpu": 0.001113}
{"case": "handshake-h4-d1-o1-c1", "status": "infeasible", "cost": null, "cpu": 0.001422}
{"case": "handshake-h4-d1-o1-c2", "status": "infeasible", "cost": null, "cpu": 0.001149}
{"case": "handshake-h4-d1-o1-c012", "status": "infeasible", "cost": null, "cpu": 0.001205}
{"case": "handshake-h4-d1-o2-c0", "status": "infeasible", "cost": null, "cpu": 0.001238}
{"case": "handshake-h4-d1-o2-c1", "status": "infeasible", "cost": null, "cpu": 0.002563}
{"case": "handshake-h4-d1-o2-c2", "status": "infeasible", "cost": null, "cpu": 0.001321}
{"case": "handshake-h4-d1-o2-c012", "status": "infeasible", "cost": null, "cpu": 0.001356}
{"case": "handshake-h4-d2-o1-c0", "status": "infeasible", "cost": null, "cpu": 0.001367}
{"case": "handshake-h4-d2-o1-c1", "status": "infeasible", "cost": null, "cpu": 0.001229}
{"case": "handshake-h4-d2-o1-c2", "status": "infeasible", "cost": null, "cpu": 0.001123}
{"case": "handshake-h4-d2-o1-c012", "status": "infeasible", "cost": null, "cpu": 0.001628}
{"case": "handshake-h4-d2-o2-c0", "status": "infeasible", "cost": null, "cpu": 0.001187}
{"case": "handshake-h4-d2-o2-c1", "status": "infeasible", "cost": null, "cpu": 0.001789}
{"case": "handshake-h4-d2-o2-c2", "status": "infeasible", "cost": null, "cpu": 0.001329}
{"case": "handshake-h4-d2-o2-c012", "status": "infeasible", "cost": null, "cpu": 0.001489}
{"case": "handshake-h8-d0-o1-c0", "status": "infeasible", "cost": null, "cpu": 0.003194}
{"case": "handshake-h8-d0-o1-c1", "status": "feasible", "cost": 1, "cpu": 0.001021}
{"case": "handshake-h8-d0-o1-c2", "status": "feasible", "cost": 1, "cpu": 0.000872}
{"case": "handshake-h8-d0-o1-c012", "status": "infeasible", "cost": null, "cpu": 0.00318}
{"case": "handshake-h8-d0-o2-c0", "status": "infeasible", "cost": null, "cpu": 0.003317}
{"case": "handshake-h8-d0-o2-c1", "status": "feasible", "cost": 1, "cpu": 0.002873}
{"case": "handshake-h8-d0-o2-c2", "status": "feasible", "cost": 1, "cpu": 0.002293}
{"case": "handshake-h8-d0-o2-c012", "status": "infeasible", "cost": null, "cpu": 0.00351}
{"case": "handshake-h8-d1-o1-c0", "status": "infeasible", "cost": null, "cpu": 0.003056}
{"case": "handshake-h8-d1-o1-c1", "status": "feasible", "cost": 1, "cpu": 0.001051}
{"case": "handshake-h8-d1-o1-c2", "status": "feasible", "cost": 2, "cpu": 0.001307}
{"case": "handshake-h8-d1-o1-c012", "status": "infeasible", "cost": null, "cpu": 0.003071}
{"case": "handshake-h8-d1-o2-c0", "status": "infeasible", "cost": null, "cpu": 0.002932}
{"case": "handshake-h8-d1-o2-c1", "status": "feasible", "cost": 2, "cpu": 0.004672}
{"case": "handshake-h8-d1-o2-c2", "status": "infeasible", "cost": null, "cpu": 0.005296}
{"case": "handshake-h8-d1-o2-c012", "status": "infeasible", "cost": null, "cpu": 0.003605}
{"case": "handshake-h8-d2-o1-c0", "status": "infeasible", "cost": null, "cpu": 0.003071}
{"case": "handshake-h8-d2-o1-c1", "status": "feasible", "cost": 2, "cpu": 0.003106}
{"case": "handshake-h8-d2-o1-c2", "status": "infeasible", "cost": null, "cpu": 0.00298}
{"case": "handshake-h8-d2-o1-c012", "status": "infeasible", "cost": null, "cpu": 0.003936}
{"case": "handshake-h8-d2-o2-c0", "status": "infeasible", "cost": null, "cpu": 0.00299}
{"case": "handshake-h8-d2-o2-c1", "status": "feasible", "cost": 3, "cpu": 0.005817}
{"case": "handshake-h8-d2-o2-c2", "status": "infeasible", "cost": null, "cpu": 0.003317}
{"case": "handshake-h8-d2-o2-c012", "status": "infeasible", "cost": null, "cpu": 0.003524}
{"case": "handshake-h12-d0-o1-c0", "status": "infeasible", "cost": null, "cpu": 0.006071}
{"case": "handshake-h12-d0-o1-c1", "status": "feasible", "cost": 1, "cpu": 0.001733}
{"case": "handshake-h12-d0-o1-c2", "status": "feasible", "cost": 1, "cpu": 0.001705}
{"case": "handshake-h12-d0-o1-c012", "status": "infeasible", "cost": null, "cpu": 0.006354}
{"case": "handshake-h12-d0-o2-c0", "status": "infeasible", "cost": null, "cpu": 0.006308}
{"case": "handshake-h12-d0-o2-c1", "status": "feasible", "cost": 1, "cpu": 0.00567}
{"case": "handshake-h12-d0-o2-c2", "status": "feasible", "cost": 1, "cpu": 0.004201}
{"case": "handshake-h12-d0-o2-c012", "status": "infeasible", "cost": null, "cpu": 0.006841}
{"case": "handshake-h12-d1-o1-c0", "status": "infeasible", "cost": null, "cpu": 0.005905}
{"case": "handshake-h12-d1-o1-c1", "status": "feasible", "cost": 1, "cpu": 0.001734}
{"case": "handshake-h12-d1-o1-c2", "status": "feasible", "cost": 1, "cpu": 0.001466}
{"case": "handshake-h12-d1-o1-c012", "status": "infeasible", "cost": null, "cpu": 0.006086}
{"case": "handshake-h12-d1-o2-c0", "status": "infeasible", "cost": null, "cpu": 0.005817}
{"case": "handshake-h12-d1-o2-c1", "status": "feasible", "cost": 1, "cpu": 0.00551}
{"case": "handshake-h12-d1-o2-c2", "status": "infeasible", "cost": null, "cpu": 0.014169}
{"case": "handshake-h12-d1-o2-c012", "status": "infeasible", "cost": null, "cpu": 0.007068}
{"case": "handshake-h12-d2-o1-c0", "status": "infeasible", "cost": null, "cpu": 0.006705}
{"case": "handshake-h12-d2-o1-c1", "status": "feasible", "cost": 1, "cpu": 0.002002}
{"case": "handshake-h12-d2-o1-c2", "status": "infeasible", "cost": null, "cpu": 0.006248}
{"case": "handshake-h12-d2-o1-c012", "status": "infeasible", "cost": null, "cpu": 0.006305}
{"case": "handshake-h12-d2-o2-c0", "status": "infeasible", "cost": null, "cpu": 0.005931}
{"case": "handshake-h12-d2-o2-c1", "status": "feasible", "cost": 2, "cpu": 0.007855}
{"case": "handshake-h12-d2-o2-c2", "status": "infeasible", "cost": null, "cpu": 0.006448}
{"case": "handshake-h12-d2-o2-c012", "status": "infeasible", "cost": null, "cpu": 0.007775}
{"case": "lfsr-h4-d0-o1-c0", "status": "infeasible", "cost": null, "cpu": 0.004216}
{"case": "lfsr-h4-d0-o1-c1", "status": "infeasible", "cost": null, "cpu": 0.015224}
{"case": "lfsr-h4-d0-o1-c2", "status": "infeasible", "cost": null, "cpu": 0.011019}
{"case": "lfsr-h4-d0-o1-c012", "status": "infeasible", "cost": null, "cpu": 0.004576}
{"case": "lfsr-h4-d0-o2-c0", "status": "infeasible", "cost": null, "cpu": 0.004167}
{"case": "lfsr-h4-d0-o2-c1", "status": "infeasible", "cost": null, "cpu": 0.047508}
{"case": "lfsr-h4-d0-o2-c2", "status": "infeasible", "cost": null, "cpu": 0.034326}
{"case": "lfsr-h4-d0-o2-c012", "status": "infeasible", "cost": null, "cpu": 0.006391}
{"case": "lfsr-h4-d1-o1-c0", "status": "infeasible", "cost": null, "cpu": 0.004267}
{"case": "lfsr-h4-d1-o1-c1", "status": "infeasible", "cost": null, "cpu": 0.010748}
{"case": "lfsr-h4-d1-o1-c2", "status": "infeasible", "cost": null, "cpu": 0.005423}
{"case": "lfsr-h4-d1-o1-c012", "status": "infeasible", "cost": null, "cpu": 0.004645}
{"case": "lfsr-h4-d1-o2-c0", "status": "infeasible", "cost": null, "cpu": 0.004211}
{"case": "lfsr-h4-d1-o2-c1", "status": "infeasible", "cost": null, "cpu": 0.026323}
{"case": "lfsr-h4-d1-o2-c2", "status": "infeasible", "cost": null, "cpu": 0.012718}
{"case": "lfsr-h4-d1-o2-c012", "status": "infeasible", "cost": null, "cpu": 0.004895}
{"case": "lfsr-h4-d2-o1-c0", "status": "infeasible", "cost": null, "cpu": 0.004256}
{"case": "lfsr-h4-d2-o1-c1", "status": "infeasible", "cost": null, "cpu": 0.003399}
{"case": "lfsr-h4-d2-o1-c2", "status": "infeasible", "cost": null, "cpu": 0.003692}
{"case": "lfsr-h4-d2-o1-c012", "status": "infeasible", "cost": null, "cpu": 0.004287}
{"case": "lfsr-h4-d2-o2-c0", "status": "infeasible", "cost": null, "cpu": 0.004105}
{"case": "lfsr-h4-d2-o2-c1", "status": "infeasible", "cost": null, "cpu": 0.005516}
{"case": "lfsr-h4-d2-o2-c2", "status": "infeasible", "cost": null, "cpu": 0.005669}
{"case": "lfsr-h4-d2-o2-c012", "status": "infeasible", "cost": null, "cpu": 0.004769}
{"case": "lfsr-h8-d0-o1-c0", "status": "infeasible", "cost": null, "cpu": 0.011679}
{"case": "lfsr-h8-d0-o1-c1", "status": "infeasible", "cost": null, "cpu": 0.047769}
{"case": "lfsr-h8-d0-o1-c2", "status": "infeasible", "cost": null, "cpu": 0.049068}
{"case": "lfsr-h8-d0-o1-c012", "status": "infeasible", "cost": null, "cpu": 0.012288}
{"case": "lfsr-h8-d0-o2-c0", "status": "infeasible", "cost": null, "cpu": 0.011547}
{"case": "lfsr-h8-d0-o2-c1", "status": "infeasible", "cost": null, "cpu": 0.168672}
{"case": "lfsr-h8-d0-o2-c2", "status": "infeasible", "cost": null, "cpu": 0.174235}
{"case": "lfsr-h8-d0-o2-c012", "status": "infeasible", "cost": null, "cpu": 0.013561}
{"case": "lfsr-h8-d1-o1-c0", "status": "infeasible", "cost": null, "cpu": 0.011436}
{"case": "lfsr-h8-d1-o1-c1", "status": "infeasible", "cost": null, "cpu": 0.052283}
{"case": "lfsr-h8-d1-o1-c2", "status": "infeasible", "cost": null, "cpu": 0.045426}
{"case": "lfsr-h8-d1-o1-c012", "status": "infeasible", "cost": null, "cpu": 0.012302}
{"case": "lfsr-h8-d1-o2-c0", "status": "infeasible", "cost": null, "cpu": 0.011908}
{"case": "lfsr-h8-d1-o2-c1", "status": "infeasible", "cost": null, "cpu": 0.155089}
{"case": "lfsr-h8-d1-o2-c2", "status": "infeasible", "cost": null, "cpu": 0.161955}
{"case": "lfsr-h8-d1-o2-c012", "status": "infeasible", "cost": null, "cpu": 0.014029}
{"case": "lfsr-h8-d2-o1-c0", "status": "infeasible", "cost": null, "cpu": 0.011721}
{"case": "lfsr-h8-d2-o1-c1", "status": "infeasible", "cost": null, "cpu": 0.024614}
{"case": "lfsr-h8-d2-o1-c2", "status": "infeasible", "cost": null, "cpu": 0.022857}
{"case": "lfsr-h8-d2-o1-c012", "status": "infeasible", "cost": null, "cpu": 0.012217}
{"case": "lfsr-h8-d2-o2-c0", "status": "infeasible", "cost": null, "cpu": 0.011439}
{"case": "lfsr-h8-d2-o2-c1", "status": "infeasible", "cost": null, "cpu": 0.055834}
{"case": "lfsr-h8-d2-o2-c2", "status": "infeasible", "cost": null, "cpu": 0.063956}
{"case": "lfsr-h8-d2-o2-c012", "status": "infeasible", "cost": null, "cpu": 0.013534}
{"case": "lfsr-h12-d0-o1-c0", "status": "infeasible", "cost": null, "cpu": 0.024113}
{"case": "lfsr-h12-d0-o1-c1", "status": "infeasible", "cost": null, "cpu": 0.09902}
{"case": "lfsr-h12-d0-o1-c2", "status": "infeasible", "cost": null, "cpu": 0.099346}
{"case": "lfsr-h12-d0-o1-c012", "status": "infeasible", "cost": null, "cpu": 0.024837}
{"case": "lfsr-h12-d0-o2-c0", "status": "infeasible", "cost": null, "cpu": 0.023784}
{"case": "lfsr-h12-d0-o2-c1", "status": "infeasible", "cost": null, "cpu": 0.354672}
{"case": "lfsr-h12-d0-o2-c2", "status": "infeasible", "cost": null, "cpu": 0.360929}
{"case": "lfsr-h12-d0-o2-c012", "status": "infeasible", "cost": null, "cpu": 0.02817}
{"case": "lfsr-h12-d1-o1-c0", "status": "infeasible", "cost": null, "cpu": 0.02362}
{"case": "lfsr-h12-d1-o1-c1", "status": "infeasible", "cost": null, "cpu": 0.10007}
{"case": "lfsr-h12-d1-o1-c2", "status": "infeasible", "cost": null, "cpu": 0.100933}
{"case": "lfsr-h12-d1-o1-c012", "status": "infeasible", "cost": null, "cpu": 0.024394}
{"case": "lfsr-h12-d1-o2-c0", "status": "infeasible", "cost": null, "cpu": 0.023997}
{"case": "lfsr-h12-d1-o2-c1", "status": "infeasible", "cost": null, "cpu": 0.357085}
{"case": "lfsr-h12-d1-o2-c2", "status": "infeasible", "cost": null, "cpu": 0.323705}
{"case": "lfsr-h12-d1-o2-c012", "status": "infeasible", "cost": null, "cpu": 0.0271}
{"case": "lfsr-h12-d2-o1-c0", "status": "infeasible", "cost": null, "cpu": 0.023316}
{"case": "lfsr-h12-d2-o1-c1", "status": "infeasible", "cost": null, "cpu": 0.090116}
{"case": "lfsr-h12-d2-o1-c2", "status": "infeasible", "cost": null, "cpu": 0.093832}
{"case": "lfsr-h12-d2-o1-c012", "status": "infeasible", "cost": null, "cpu": 0.024683}
{"case": "lfsr-h12-d2-o2-c0", "status": "infeasible", "cost": null, "cpu": 0.022974}
{"case": "lfsr-h12-d2-o2-c1", "status": "infeasible", "cost": null, "cpu": 0.288511}
{"case": "lfsr-h12-d2-o2-c2", "status": "infeasible", "cost": null, "cpu": 0.329615}
{"case": "lfsr-h12-d2-o2-c012", "status": "infeasible", "cost": null, "cpu": 0.027739}
{"run_summary": {"cases": ["counter-h4-d0-o1-c0", "counter-h4-d0-o1-c1", "counter-h4-d0-o1-c2", "counter-h4-d0-o1-c012", "counter-h4-d0-o2-c0", "counter-h4-d0-o2-c1", "counter-h4-d0-o2-c2", "counter-h4-d0-o2-c012", "counter-h4-d1-o1-c0", "counter-h4-d1-o1-c1", "counter-h4-d1-o1-c2", "counter-h4-d1-o1-c012", "counter-h4-d1-o2-c0", "counter-h4-d1-o2-c1", "counter-h4-d1-o2-c2", "counter-h4-d1-o2-c012", "counter-h4-d2-o1-c0", "counter-h4-d2-o1-c1", "counter-h4-d2-o1-c2", "counter-h4-d2-o1-c012", "counter-h4-d2-o2-c0", "counter-h4-d2-o2-c1", "counter-h4-d2-o2-c2", "counter-h4-d2-o2-c012", "counter-h8-d0-o1-c0", "counter-h8-d0-o1-c1", "counter-h8-d0-o1-c2", "counter-h8-d0-o1-c012", "counter-h8-d0-o2-c0", "counter-h8-d0-o2-c1", "counter-h8-d0-o2-c2", "counter-h8-d0-o2-c012", "counter-h8-d1-o1-c0", "counter-h8-d1-o1-c1", "counter-h8-d1-o1-c2", "counter-h8-d1-o1-c012", "counter-h8-d1-o2-c0", "counter-h8-d1-o2-c1", "counter-h8-d1-o2-c2", "counter-h8-d1-o2-c012", "counter-h8-d2-o1-c0", "counter-h8-d2-o1-c1", "counter-h8-d2-o1-c2", "counter-h8-d2-o1-c012", "counter-h8-d2-o2-c0", "counter-h8-d2-o2-c1", "counter-h8-d2-o2-c2", "counter-h8-d2-o2-c012", "counter-h12-d0-o1-c0", "counter-h12-d0-o1-c1", "counter-h12-d0-o1-c2", "counter-h12-d0-o1-c012", "counter-h12-d0-o2-c0", "counter-h12-d0-o2-c1", "counter-h12-d0-o2-c2", "counter-h12-d0-o2-c012", "counter-h12-d1-o1-c0", "counter-h12-d1-o1-c1", "counter-h12-d1-o1-c2", "counter-h12-d1-o1-c012", "counter-h12-d1-o2-c0", "counter-h12-d1-o2-c1", "counter-h12-d1-o2-c2", "counter-h12-d1-o2-c012", "counter-h12-d2-o1-c0", "counter-h12-d2-o1-c1", "counter-h12-d2-o1-c2", "counter-h12-d2-o1-c012", "counter-h12-d2-o2-c0", "counter-h12-d2-o2-c1", "counter-h12-d2-o2-c2", "counter-h12-d2-o2-c012", "fifo-h4-d0-o1-c0", "fifo-h4-d0-o1-c1", "fifo-h4-d0-o1-c2", "fifo-h4-d0-o1-c012", "fifo-h4-d0-o2-c0", "fifo-h4-d0-o2-c1", "fifo-h4-d0-o2-c2", "fifo-h4-d0-o2-c012", "fifo-h4-d1-o1-c0", "fifo-h4-d1-o1-c1", "fifo-h4-d1-o1-c2", "fifo-h4-d1-o1-c012", "fifo-h4-d1-o2-c0", "fifo-h4-d1-o2-c1", "fifo-h4-d1-o2-c2", "fifo-h4-d1-o2-c012", "fifo-h4-d2-o1-c0", "fifo-h4-d2-o1-c1", "fifo-h4-d2-o1-c2", "fifo-h4-d2-o1-c012", "fifo-h4-d2-o2-c0", "fifo-h4-d2-o2-c1", "fifo-h4-d2-o2-c2", "fifo-h4-d2-o2-c012", "fifo-h8-d0-o1-c0", "fifo-h8-d0-o1-c1", "fifo-h8-d0-o1-c2", "fifo-h8-d0-o1-c012", "fifo-h8-d0-o2-c0", "fifo-h8-d0-o2-c1", "fifo-h8-d0-o2-c2", "fifo-h8-d0-o2-c012", "fifo-h8-d1-o1-c0", "fifo-h8-d1-o1-c1", "fifo-h8-d1-o1-c2", "fifo-h8-d1-o1-c012", "fifo-h8-d1-o2-c0", "fifo-h8-d1-o2-c1", "fifo-h8-d1-o2-c2", "fifo-h8-d1-o2-c012", "fifo-h8-d2-o1-c0", "fifo-h8-d2-o1-c1", "fifo-h8-d2-o1-c2", "fifo-h8-d2-o1-c012", "fifo-h8-d2-o2-c0", "fifo-h8-d2-o2-c1", "fifo-h8-d2-o2-c2", "fifo-h8-d2-o2-c012", "fifo-h12-d0-o1-c0", "fifo-h12-d0-o1-c1", "fifo-h12-d0-o1-c2", "fifo-h12-d0-o1-c012", "fifo-h12-d0-o2-c0", "fifo-h12-d0-o2-c1", "fifo-h12-d0-o2-c2", "fifo-h12-d0-o2-c012", "fifo-h12-d1-o1-c0", "fifo-h12-d1-o1-c1", "fifo-h12-d1-o1-c2", "fifo-h12-d1-o1-c012", "fifo-h12-d1-o2-c0", "fifo-h12-d1-o2-c1", "fifo-h12-d1-o2-c2", "fifo-h12-d1-o2-c012", "fifo-h12-d2-o1-c0", "fifo-h12-d2-o1-c1", "fifo-h12-d2-o1-c2", "fifo-h12-d2-o1-c012", "fifo-h12-d2-o2-c0", "fifo-h12-d2-o2-c1", "fifo-h12-d2-o2-c2", "fifo-h12-d2-o2-c012", "arbiter-h4-d0-o1-c0", "arbiter-h4-d0-o1-c1", "arbiter-h4-d0-o1-c2", "arbiter-h4-d0-o1-c012", "arbiter-h4-d0-o2-c0", "arbiter-h4-d0-o2-c1", "arbiter-h4-d0-o2-c2", "arbiter-h4-d0-o2-c012", "arbiter-h4-d1-o1-c0", "arbiter-h4-d1-o1-c1", "arbiter-h4-d1-o1-c2", "arbiter-h4-d1-o1-c012", "arbiter-h4-d1-o2-c0", "arbiter-h4-d1-o2-c1", "arbiter-h4-d1-o2-c2", "arbiter-h4-d1-o2-c012", "arbiter-h4-d2-o1-c0", "arbiter-h4-d2-o1-c1", "arbiter-h4-d2-o1-c2", "arbiter-h4-d2-o1-c012", "arbiter-h4-d2-o2-c0", "arbiter-h4-d2-o2-c1", "arbiter-h4-d2-o2-c2", "arbiter-h4-d2-o2-c012", "arbiter-h8-d0-o1-c0", "arbiter-h8-d0-o1-c1", "arbiter-h8-d0-o1-c2", "arbiter-h8-d0-o1-c012", "arbiter-h8-d0-o2-c0", "arbiter-h8-d0-o2-c1", "arbiter-h8-d0-o2-c2", "arbiter-h8-d0-o2-c012", "arbiter-h8-d1-o1-c0", "arbiter-h8-d1-o1-c1", "arbiter-h8-d1-o1-c2", "arbiter-h8-d1-o1-c012", "arbiter-h8-d1-o2-c0", "arbiter-h8-d1-o2-c1", "arbiter-h8-d1-o2-c2", "arbiter-h8-d1-o2-c012", "arbiter-h8-d2-o1-c0", "arbiter-h8-d2-o1-c1", "arbiter-h8-d2-o1-c2", "arbiter-h8-d2-o1-c012", "arbiter-h8-d2-o2-c0", "arbiter-h8-d2-o2-c1", "arbiter-h8-d2-o2-c2", "arbiter-h8-d2-o2-c012", "arbiter-h12-d0-o1-c0", "arbiter-h12-d0-o1-c1", "arbiter-h12-d0-o1-c2", "arbiter-h12-d0-o1-c012", "arbiter-h12-d0-o2-c0", "arbiter-h12-d0-o2-c1", "arbiter-h12-d0-o2-c2", "arbiter-h12-d0-o2-c012", "arbiter-h12-d1-o1-c0", "arbiter-h12-d1-o1-c1", "arbiter-h12-d1-o1-c2", "arbiter-h12-d1-o1-c012", "arbiter-h12-d1-o2-c0", "arbiter-h12-d1-o2-c1", "arbiter-h12-d1-o2-c2", "arbiter-h12-d1-o2-c012", "arbiter-h12-d2-o1-c0", "arbiter-h12-d2-o1-c1", "arbiter-h12-d2-o1-c2", "arbiter-h12-d2-o1-c012", "arbiter-h12-d2-o2-c0", "arbiter-h12-d2-o2-c1", "arbiter-h12-d2-o2-c2", "arbiter-h12-d2-o2-c012", "credit-h4-d0-o1-c0", "credit-h4-d0-o1-c1", "credit-h4-d0-o1-c2", "credit-h4-d0-o1-c012", "credit-h4-d0-o2-c0", "credit-h4-d0-o2-c1", "credit-h4-d0-o2-c2", "credit-h4-d0-o2-c012", "credit-h4-d1-o1-c0", "credit-h4-d1-o1-c1", "credit-h4-d1-o1-c2", "credit-h4-d1-o1-c012", "credit-h4-d1-o2-c0", "credit-h4-d1-o2-c1", "credit-h4-d1-o2-c2", "credit-h4-d1-o2-c012", "credit-h4-d2-o1-c0", "credit-h4-d2-o1-c1", "credit-h4-d2-o1-c2", "credit-h4-d2-o1-c012", "credit-h4-d2-o2-c0", "credit-h4-d2-o2-c1", "credit-h4-d2-o2-c2", "credit-h4-d2-o2-c012", "credit-h8-d0-o1-c0", "credit-h8-d0-o1-c1", "credit-h8-d0-o1-c2", "credit-h8-d0-o1-c012", "credit-h8-d0-o2-c0", "credit-h8-d0-o2-c1", "credit-h8-d0-o2-c2", "credit-h8-d0-o2-c012", "credit-h8-d1-o1-c0", "credit-h8-d1-o1-c1", "credit-h8-d1-o1-c2", "credit-h8-d1-o1-c012", "credit-h8-d1-o2-c0", "credit-h8-d1-o2-c1", "credit-h8-d1-o2-c2", "credit-h8-d1-o2-c012", "credit-h8-d2-o1-c0", "credit-h8-d2-o1-c1", "credit-h8-d2-o1-c2", "credit-h8-d2-o1-c012", "credit-h8-d2-o2-c0", "credit-h8-d2-o2-c1", "credit-h8-d2-o2-c2", "credit-h8-d2-o2-c012", "credit-h12-d0-o1-c0", "credit-h12-d0-o1-c1", "credit-h12-d0-o1-c2", "credit-h12-d0-o1-c012", "credit-h12-d0-o2-c0", "credit-h12-d0-o2-c1", "credit-h12-d0-o2-c2", "credit-h12-d0-o2-c012", "credit-h12-d1-o1-c0", "credit-h12-d1-o1-c1", "credit-h12-d1-o1-c2", "credit-h12-d1-o1-c012", "credit-h12-d1-o2-c0", "credit-h12-d1-o2-c1", "credit-h12-d1-o2-c2", "credit-h12-d1-o2-c012", "credit-h12-d2-o1-c0", "credit-h12-d2-o1-c1", "credit-h12-d2-o1-c2", "credit-h12-d2-o1-c012", "credit-h12-d2-o2-c0", "credit-h12-d2-o2-c1", "credit-h12-d2-o2-c2", "credit-h12-d2-o2-c012", "handshake-h4-d0-o1-c0", "handshake-h4-d0-o1-c1", "handshake-h4-d0-o1-c2", "handshake-h4-d0-o1-c012", "handshake-h4-d0-o2-c0", "handshake-h4-d0-o2-c1", "handshake-h4-d0-o2-c2", "handshake-h4-d0-o2-c012", "handshake-h4-d1-o1-c0", "handshake-h4-d1-o1-c1", "handshake-h4-d1-o1-c2", "handshake-h4-d1-o1-c012", "handshake-h4-d1-o2-c0", "handshake-h4-d1-o2-c1", "handshake-h4-d1-o2-c2", "handshake-h4-d1-o2-c012", "handshake-h4-d2-o1-c0", "handshake-h4-d2-o1-c1", "handshake-h4-d2-o1-c2", "handshake-h4-d2-o1-c012", "handshake-h4-d2-o2-c0", "handshake-h4-d2-o2-c1", "handshake-h4-d2-o2-c2", "handshake-h4-d2-o2-c012", "handshake-h8-d0-o1-c0", "handshake-h8-d0-o1-c1", "handshake-h8-d0-o1-c2", "handshake-h8-d0-o1-c012", "handshake-h8-d0-o2-c0", "handshake-h8-d0-o2-c1", "handshake-h8-d0-o2-c2", "handshake-h8-d0-o2-c012", "handshake-h8-d1-o1-c0", "handshake-h8-d1-o1-c1", "handshake-h8-d1-o1-c2", "handshake-h8-d1-o1-c012", "handshake-h8-d1-o2-c0", "handshake-h8-d1-o2-c1", "handshake-h8-d1-o2-c2", "handshake-h8-d1-o2-c012", "handshake-h8-d2-o1-c0", "handshake-h8-d2-o1-c1", "handshake-h8-d2-o1-c2", "handshake-h8-d2-o1-c012", "handshake-h8-d2-o2-c0", "handshake-h8-d2-o2-c1", "handshake-h8-d2-o2-c2", "handshake-h8-d2-o2-c012", "handshake-h12-d0-o1-c0", "handshake-h12-d0-o1-c1", "handshake-h12-d0-o1-c2", "handshake-h12-d0-o1-c012", "handshake-h12-d0-o2-c0", "handshake-h12-d0-o2-c1", "handshake-h12-d0-o2-c2", "handshake-h12-d0-o2-c012", "handshake-h12-d1-o1-c0", "handshake-h12-d1-o1-c1", "handshake-h12-d1-o1-c2", "handshake-h12-d1-o1-c012", "handshake-h12-d1-o2-c0", "handshake-h12-d1-o2-c1", "handshake-h12-d1-o2-c2", "handshake-h12-d1-o2-c012", "handshake-h12-d2-o1-c0", "handshake-h12-d2-o1-c1", "handshake-h12-d2-o1-c2", "handshake-h12-d2-o1-c012", "handshake-h12-d2-o2-c0", "handshake-h12-d2-o2-c1", "handshake-h12-d2-o2-c2", "handshake-h12-d2-o2-c012", "lfsr-h4-d0-o1-c0", "lfsr-h4-d0-o1-c1", "lfsr-h4-d0-o1-c2", "lfsr-h4-d0-o1-c012", "lfsr-h4-d0-o2-c0", "lfsr-h4-d0-o2-c1", "lfsr-h4-d0-o2-c2", "lfsr-h4-d0-o2-c012", "lfsr-h4-d1-o1-c0", "lfsr-h4-d1-o1-c1", "lfsr-h4-d1-o1-c2", "lfsr-h4-d1-o1-c012", "lfsr-h4-d1-o2-c0", "lfsr-h4-d1-o2-c1", "lfsr-h4-d1-o2-c2", "lfsr-h4-d1-o2-c012", "lfsr-h4-d2-o1-c0", "lfsr-h4-d2-o1-c1", "lfsr-h4-d2-o1-c2", "lfsr-h4-d2-o1-c012", "lfsr-h4-d2-o2-c0", "lfsr-h4-d2-o2-c1", "lfsr-h4-d2-o2-c2", "lfsr-h4-d2-o2-c012", "lfsr-h8-d0-o1-c0", "lfsr-h8-d0-o1-c1", "lfsr-h8-d0-o1-c2", "lfsr-h8-d0-o1-c012", "lfsr-h8-d0-o2-c0", "lfsr-h8-d0-o2-c1", "lfsr-h8-d0-o2-c2", "lfsr-h8-d0-o2-c012", "lfsr-h8-d1-o1-c0", "lfsr-h8-d1-o1-c1", "lfsr-h8-d1-o1-c2", "lfsr-h8-d1-o1-c012", "lfsr-h8-d1-o2-c0", "lfsr-h8-d1-o2-c1", "lfsr-h8-d1-o2-c2", "lfsr-h8-d1-o2-c012", "lfsr-h8-d2-o1-c0", "lfsr-h8-d2-o1-c1", "lfsr-h8-d2-o1-c2", "lfsr-h8-d2-o1-c012", "lfsr-h8-d2-o2-c0", "lfsr-h8-d2-o2-c1", "lfsr-h8-d2-o2-c2", "lfsr-h8-d2-o2-c012", "lfsr-h12-d0-o1-c0", "lfsr-h12-d0-o1-c1", "lfsr-h12-d0-o1-c2", "lfsr-h12-d0-o1-c012", "lfsr-h12-d0-o2-c0", "lfsr-h12-d0-o2-c1", "lfsr-h12-d0-o2-c2", "lfsr-h12-d0-o2-c012", "lfsr-h12-d1-o1-c0", "lfsr-h12-d1-o1-c1", "lfsr-h12-d1-o1-c2", "lfsr-h12-d1-o1-c012", "lfsr-h12-d1-o2-c0", "lfsr-h12-d1-o2-c1", "lfsr-h12-d1-o2-c2", "lfsr-h12-d1-o2-c012", "lfsr-h12-d2-o1-c0", "lfsr-h12-d2-o1-c1", "lfsr-h12-d2-o1-c2", "lfsr-h12-d2-o1-c012", "lfsr-h12-d2-o2-c0", "lfsr-h12-d2-o2-c1", "lfsr-h12-d2-o2-c2", "lfsr-h12-d2-o2-c012"], "skipped": 0, "requested_cases": 432, "cpu_seconds": 8.726433713999999, "wall_seconds": 8.74343385300017, "process_peak_rss_kib": 94508, "workers": 1, "stop_policy": "check 25-second default chunk boundary between atomic cases; per-case bounds 12 taps, 12 rows in campaign"}}
{"campaign_cpu_seconds": 8.726433713999999, "campaign_wall_seconds": 8.74343385300017, "cases": 432, "certificate_checks": 432, "certificate_max_bytes": 15911, "certificate_min_bytes": 249, "checker_cpu_seconds": 0.0723434240000006, "feasible": 85, "full_minimum_loss_distribution": {"0": 327, "1": 15, "2": 30, "3": 12, "4": 12, "5": 12, "6": 6, "8": 12, "9": 6}, "infeasible": 347, "max_candidates": 12, "max_pairs": 216, "process_peak_rss_kib": 94508, "producer_cpu_seconds": 0.24044813599999904, "workers": 1, "zero_loss_infeasible": 327}
