{"case": "counter-h4-d0-o1-c0", "status": "infeasible", "cost": null, "cpu": 0.000663}
{"case": "counter-h4-d0-o1-c1", "status": "feasible", "cost": 1, "cpu": 0.000649}
{"case": "counter-h4-d0-o1-c2", "status": "feasible", "cost": 2, "cpu": 0.000598}
{"case": "counter-h4-d0-o1-c012", "status": "infeasible", "cost": null, "cpu": 0.000745}
{"case": "counter-h4-d0-o2-c0", "status": "infeasible", "cost": null, "cpu": 0.000617}
{"case": "counter-h4-d0-o2-c1", "status": "feasible", "cost": 1, "cpu": 0.001191}
{"case": "counter-h4-d0-o2-c2", "status": "feasible", "cost": 2, "cpu": 0.001188}
{"case": "counter-h4-d0-o2-c012", "status": "infeasible", "cost": null, "cpu": 0.000827}
{"case": "counter-h4-d1-o1-c0", "status": "infeasible", "cost": null, "cpu": 0.000594}
{"case": "counter-h4-d1-o1-c1", "status": "feasible", "cost": 2, "cpu": 0.000617}
{"case": "counter-h4-d1-o1-c2", "status": "feasible", "cost": 2, "cpu": 0.000617}
{"case": "counter-h4-d1-o1-c012", "status": "infeasible", "cost": null, "cpu": 0.000887}
{"case": "counter-h4-d1-o2-c0", "status": "infeasible", "cost": null, "cpu": 0.00063}
{"case": "counter-h4-d1-o2-c1", "status": "feasible", "cost": 2, "cpu": 0.00201}
{"case": "counter-h4-d1-o2-c2", "status": "feasible", "cost": 2, "cpu": 0.001565}
{"case": "counter-h4-d1-o2-c012", "status": "infeasible", "cost": null, "cpu": 0.000842}
{"case": "counter-h4-d2-o1-c0", "status": "infeasible", "cost": null, "cpu": 0.00057}
{"case": "counter-h4-d2-o1-c1", "status": "feasible", "cost": 4, "cpu": 0.001017}
{"case": "counter-h4-d2-o1-c2", "status": "infeasible", "cost": null, "cpu": 0.000619}
{"case": "counter-h4-d2-o1-c012", "status": "infeasible", "cost": null, "cpu": 0.00073}
{"case": "counter-h4-d2-o2-c0", "status": "infeasible", "cost": null, "cpu": 0.000861}
{"case": "counter-h4-d2-o2-c1", "status": "feasible", "cost": 4, "cpu": 0.001756}
{"case": "counter-h4-d2-o2-c2", "status": "infeasible", "cost": null, "cpu": 0.000829}
{"case": "counter-h4-d2-o2-c012", "status": "infeasible", "cost": null, "cpu": 0.000813}
{"case": "counter-h8-d0-o1-c0", "status": "infeasible", "cost": null, "cpu": 0.000826}
{"case": "counter-h8-d0-o1-c1", "status": "feasible", "cost": 1, "cpu": 0.001099}
{"case": "counter-h8-d0-o1-c2", "status": "feasible", "cost": 1, "cpu": 0.00093}
{"case": "counter-h8-d0-o1-c012", "status": "infeasible", "cost": null, "cpu": 0.000994}
{"case": "counter-h8-d0-o2-c0", "status": "infeasible", "cost": null, "cpu": 0.000852}
{"case": "counter-h8-d0-o2-c1", "status": "feasible", "cost": 1, "cpu": 0.002583}
{"case": "counter-h8-d0-o2-c2", "status": "feasible", "cost": 1, "cpu": 0.002362}
{"case": "counter-h8-d0-o2-c012", "status": "infeasible", "cost": null, "cpu": 0.001497}
{"case": "counter-h8-d1-o1-c0", "status": "infeasible", "cost": null, "cpu": 0.000831}
{"case": "counter-h8-d1-o1-c1", "status": "feasible", "cost": 1, "cpu": 0.000999}
{"case": "counter-h8-d1-o1-c2", "status": "feasible", "cost": 2, "cpu": 0.001113}
{"case": "counter-h8-d1-o1-c012", "status": "infeasible", "cost": null, "cpu": 0.001001}
{"case": "counter-h8-d1-o2-c0", "status": "infeasible", "cost": null, "cpu": 0.000849}
{"case": "counter-h8-d1-o2-c1", "status": "feasible", "cost": 2, "cpu": 0.004185}
{"case": "counter-h8-d1-o2-c2", "status": "feasible", "cost": 2, "cpu": 0.003477}
{"case": "counter-h8-d1-o2-c012", "status": "infeasible", "cost": null, "cpu": 0.001455}
{"case": "counter-h8-d2-o1-c0", "status": "infeasible", "cost": null, "cpu": 0.00083}
{"case": "counter-h8-d2-o1-c1", "status": "feasible", "cost": 2, "cpu": 0.001821}
{"case": "counter-h8-d2-o1-c2", "status": "feasible", "cost": 2, "cpu": 0.00145}
{"case": "counter-h8-d2-o1-c012", "status": "infeasible", "cost": null, "cpu": 0.00099}
{"case": "counter-h8-d2-o2-c0", "status": "infeasible", "cost": null, "cpu": 0.000901}
{"case": "counter-h8-d2-o2-c1", "status": "feasible", "cost": 2, "cpu": 0.00367}
{"case": "counter-h8-d2-o2-c2", "status": "feasible", "cost": 2, "cpu": 0.003538}
{"case": "counter-h8-d2-o2-c012", "status": "infeasible", "cost": null, "cpu": 0.001402}
{"case": "counter-h12-d0-o1-c0", "status": "infeasible", "cost": null, "cpu": 0.001262}
{"case": "counter-h12-d0-o1-c1", "status": "feasible", "cost": 1, "cpu": 0.00159}
{"case": "counter-h12-d0-o1-c2", "status": "feasible", "cost": 1, "cpu": 0.001605}
{"case": "counter-h12-d0-o1-c012", "status": "infeasible", "cost": null, "cpu": 0.001567}
{"case": "counter-h12-d0-o2-c0", "status": "infeasible", "cost": null, "cpu": 0.001564}
{"case": "counter-h12-d0-o2-c1", "status": "feasible", "cost": 1, "cpu": 0.005263}
{"case": "counter-h12-d0-o2-c2", "status": "feasible", "cost": 1, "cpu": 0.005047}
{"case": "counter-h12-d0-o2-c012", "status": "infeasible", "cost": null, "cpu": 0.00286}
{"case": "counter-h12-d1-o1-c0", "status": "infeasible", "cost": null, "cpu": 0.001594}
{"case": "counter-h12-d1-o1-c1", "status": "feasible", "cost": 1, "cpu": 0.0016}
{"case": "counter-h12-d1-o1-c2", "status": "feasible", "cost": 1, "cpu": 0.001633}
{"case": "counter-h12-d1-o1-c012", "status": "infeasible", "cost": null, "cpu": 0.001612}
{"case": "counter-h12-d1-o2-c0", "status": "infeasible", "cost": null, "cpu": 0.001307}
{"case": "counter-h12-d1-o2-c1", "status": "feasible", "cost": 2, "cpu": 0.006627}
{"case": "counter-h12-d1-o2-c2", "status": "feasible", "cost": 1, "cpu": 0.004861}
{"case": "counter-h12-d1-o2-c012", "status": "infeasible", "cost": null, "cpu": 0.002397}
{"case": "counter-h12-d2-o1-c0", "status": "infeasible", "cost": null, "cpu": 0.001229}
{"case": "counter-h12-d2-o1-c1", "status": "feasible", "cost": 2, "cpu": 0.002482}
{"case": "counter-h12-d2-o1-c2", "status": "feasible", "cost": 2, "cpu": 0.001798}
{"case": "counter-h12-d2-o1-c012", "status": "infeasible", "cost": null, "cpu": 0.001865}
{"case": "counter-h12-d2-o2-c0", "status": "infeasible", "cost": null, "cpu": 0.001216}
{"case": "counter-h12-d2-o2-c1", "status": "feasible", "cost": 2, "cpu": 0.006396}
{"case": "counter-h12-d2-o2-c2", "status": "feasible", "cost": 2, "cpu": 0.00651}
{"case": "counter-h12-d2-o2-c012", "status": "infeasible", "cost": null, "cpu": 0.002333}
{"case": "fifo-h4-d0-o1-c0", "status": "infeasible", "cost": null, "cpu": 0.002437}
{"case": "fifo-h4-d0-o1-c1", "status": "infeasible", "cost": null, "cpu": 0.004095}
{"case": "fifo-h4-d0-o1-c2", "status": "infeasible", "cost": null, "cpu": 0.003923}
{"case": "fifo-h4-d0-o1-c012", "status": "infeasible", "cost": null, "cpu": 0.002509}
{"case": "fifo-h4-d0-o2-c0", "status": "infeasible", "cost": null, "cpu": 0.002497}
{"case": "fifo-h4-d0-o2-c1", "status": "infeasible", "cost": null, "cpu": 0.009059}
{"case": "fifo-h4-d0-o2-c2", "status": "infeasible", "cost": null, "cpu": 0.008608}
{"case": "fifo-h4-d0-o2-c012", "status": "infeasible", "cost": null, "cpu": 0.002639}
{"case": "fifo-h4-d1-o1-c0", "status": "infeasible", "cost": null, "cpu": 0.002517}
{"case": "fifo-h4-d1-o1-c1", "status": "infeasible", "cost": null, "cpu": 0.003816}
{"case": "fifo-h4-d1-o1-c2", "status": "infeasible", "cost": null, "cpu": 0.004439}
{"case": "fifo-h4-d1-o1-c012", "status": "infeasible", "cost": null, "cpu": 0.002845}
{"case": "fifo-h4-d1-o2-c0", "status": "infeasible", "cost": null, "cpu": 0.002492}
{"case": "fifo-h4-d1-o2-c1", "status": "infeasible", "cost": null, "cpu": 0.00757}
{"case": "fifo-h4-d1-o2-c2", "status": "infeasible", "cost": null, "cpu": 0.0089}
{"case": "fifo-h4-d1-o2-c012", "status": "infeasible", "cost": null, "cpu": 0.002626}
{"case": "fifo-h4-d2-o1-c0", "status": "infeasible", "cost": null, "cpu": 0.002366}
{"case": "fifo-h4-d2-o1-c1", "status": "infeasible", "cost": null, "cpu": 0.003433}
{"case": "fifo-h4-d2-o1-c2", "status": "infeasible", "cost": null, "cpu": 0.003837}
{"case": "fifo-h4-d2-o1-c012", "status": "infeasible", "cost": null, "cpu": 0.002544}
{"case": "fifo-h4-d2-o2-c0", "status": "infeasible", "cost": null, "cpu": 0.002406}
{"case": "fifo-h4-d2-o2-c1", "status": "infeasible", "cost": null, "cpu": 0.005885}
{"case": "fifo-h4-d2-o2-c2", "status": "infeasible", "cost": null, "cpu": 0.007205}
{"case": "fifo-h4-d2-o2-c012", "status": "infeasible", "cost": null, "cpu": 0.002872}
{"case": "fifo-h8-d0-o1-c0", "status": "infeasible", "cost": null, "cpu": 0.003521}
{"case": "fifo-h8-d0-o1-c1", "status": "infeasible", "cost": null, "cpu": 0.006042}
{"case": "fifo-h8-d0-o1-c2", "status": "infeasible", "cost": null, "cpu": 0.005735}
{"case": "fifo-h8-d0-o1-c012", "status": "infeasible", "cost": null, "cpu": 0.003902}
{"case": "fifo-h8-d0-o2-c0", "status": "infeasible", "cost": null, "cpu": 0.004038}
{"case": "fifo-h8-d0-o2-c1", "status": "infeasible", "cost": null, "cpu": 0.013481}
{"case": "fifo-h8-d0-o2-c2", "status": "infeasible", "cost": null, "cpu": 0.013427}
{"case": "fifo-h8-d0-o2-c012", "status": "infeasible", "cost": null, "cpu": 0.004033}
{"case": "fifo-h8-d1-o1-c0", "status": "infeasible", "cost": null, "cpu": 0.00341}
{"case": "fifo-h8-d1-o1-c1", "status": "infeasible", "cost": null, "cpu": 0.006136}
{"case": "fifo-h8-d1-o1-c2", "status": "infeasible", "cost": null, "cpu": 0.006245}
{"case": "fifo-h8-d1-o1-c012", "status": "infeasible", "cost": null, "cpu": 0.003606}
{"case": "fifo-h8-d1-o2-c0", "status": "infeasible", "cost": null, "cpu": 0.003564}
{"case": "fifo-h8-d1-o2-c1", "status": "infeasible", "cost": null, "cpu": 0.013092}
{"case": "fifo-h8-d1-o2-c2", "status": "infeasible", "cost": null, "cpu": 0.013193}
{"case": "fifo-h8-d1-o2-c012", "status": "infeasible", "cost": null, "cpu": 0.004016}
{"case": "fifo-h8-d2-o1-c0", "status": "infeasible", "cost": null, "cpu": 0.00338}
{"case": "fifo-h8-d2-o1-c1", "status": "infeasible", "cost": null, "cpu": 0.006231}
{"case": "fifo-h8-d2-o1-c2", "status": "infeasible", "cost": null, "cpu": 0.00594}
{"case": "fifo-h8-d2-o1-c012", "status": "infeasible", "cost": null, "cpu": 0.003716}
{"case": "fifo-h8-d2-o2-c0", "status": "infeasible", "cost": null, "cpu": 0.003562}
{"case": "fifo-h8-d2-o2-c1", "status": "infeasible", "cost": null, "cpu": 0.014707}
{"case": "fifo-h8-d2-o2-c2", "status": "infeasible", "cost": null, "cpu": 0.012952}
{"case": "fifo-h8-d2-o2-c012", "status": "infeasible", "cost": null, "cpu": 0.004218}
{"case": "fifo-h12-d0-o1-c0", "status": "infeasible", "cost": null, "cpu": 0.004952}
{"case": "fifo-h12-d0-o1-c1", "status": "infeasible", "cost": null, "cpu": 0.008771}
{"case": "fifo-h12-d0-o1-c2", "status": "feasible", "cost": 1, "cpu": 0.002104}
{"case": "fifo-h12-d0-o1-c012", "status": "infeasible", "cost": null, "cpu": 0.005602}
{"case": "fifo-h12-d0-o2-c0", "status": "infeasible", "cost": null, "cpu": 0.006221}
{"case": "fifo-h12-d0-o2-c1", "status": "infeasible", "cost": null, "cpu": 0.019513}
{"case": "fifo-h12-d0-o2-c2", "status": "feasible", "cost": 1, "cpu": 0.00444}
{"case": "fifo-h12-d0-o2-c012", "status": "infeasible", "cost": null, "cpu": 0.006237}
{"case": "fifo-h12-d1-o1-c0", "status": "infeasible", "cost": null, "cpu": 0.010935}
{"case": "fifo-h12-d1-o1-c1", "status": "infeasible", "cost": null, "cpu": 0.016442}
{"case": "fifo-h12-d1-o1-c2", "status": "feasible", "cost": 1, "cpu": 0.002074}
{"case": "fifo-h12-d1-o1-c012", "status": "infeasible", "cost": null, "cpu": 0.005188}
{"case": "fifo-h12-d1-o2-c0", "status": "infeasible", "cost": null, "cpu": 0.005212}
{"case": "fifo-h12-d1-o2-c1", "status": "infeasible", "cost": null, "cpu": 0.018684}
{"case": "fifo-h12-d1-o2-c2", "status": "feasible", "cost": 1, "cpu": 0.00441}
{"case": "fifo-h12-d1-o2-c012", "status": "infeasible", "cost": null, "cpu": 0.006042}
{"case": "fifo-h12-d2-o1-c0", "status": "infeasible", "cost": null, "cpu": 0.005091}
{"case": "fifo-h12-d2-o1-c1", "status": "infeasible", "cost": null, "cpu": 0.011451}
{"case": "fifo-h12-d2-o1-c2", "status": "feasible", "cost": 2, "cpu": 0.010752}
{"case": "fifo-h12-d2-o1-c012", "status": "infeasible", "cost": null, "cpu": 0.005176}
{"case": "fifo-h12-d2-o2-c0", "status": "infeasible", "cost": null, "cpu": 0.00611}
{"case": "fifo-h12-d2-o2-c1", "status": "infeasible", "cost": null, "cpu": 0.019332}
{"case": "fifo-h12-d2-o2-c2", "status": "feasible", "cost": 2, "cpu": 0.013851}
{"case": "fifo-h12-d2-o2-c012", "status": "infeasible", "cost": null, "cpu": 0.006092}
{"case": "arbiter-h4-d0-o1-c0", "status": "infeasible", "cost": null, "cpu": 0.000693}
{"case": "arbiter-h4-d0-o1-c1", "status": "infeasible", "cost": null, "cpu": 0.000995}
{"case": "arbiter-h4-d0-o1-c2", "status": "feasible", "cost": 1, "cpu": 0.001077}
{"case": "arbiter-h4-d0-o1-c012", "status": "infeasible", "cost": null, "cpu": 0.000834}
{"case": "arbiter-h4-d0-o2-c0", "status": "infeasible", "cost": null, "cpu": 0.000639}
{"case": "arbiter-h4-d0-o2-c1", "status": "infeasible", "cost": null, "cpu": 0.001409}
{"case": "arbiter-h4-d0-o2-c2", "status": "feasible", "cost": 2, "cpu": 0.001918}
{"case": "arbiter-h4-d0-o2-c012", "status": "infeasible", "cost": null, "cpu": 0.00105}
{"case": "arbiter-h4-d1-o1-c0", "status": "infeasible", "cost": null, "cpu": 0.000714}
{"case": "arbiter-h4-d1-o1-c1", "status": "infeasible", "cost": null, "cpu": 0.001038}
{"case": "arbiter-h4-d1-o1-c2", "status": "feasible", "cost": 4, "cpu": 0.001294}
{"case": "arbiter-h4-d1-o1-c012", "status": "infeasible", "cost": null, "cpu": 0.000891}
{"case": "arbiter-h4-d1-o2-c0", "status": "infeasible", "cost": null, "cpu": 0.00064}
{"case": "arbiter-h4-d1-o2-c1", "status": "infeasible", "cost": null, "cpu": 0.001395}
{"case": "arbiter-h4-d1-o2-c2", "status": "feasible", "cost": 4, "cpu": 0.002562}
{"case": "arbiter-h4-d1-o2-c012", "status": "infeasible", "cost": null, "cpu": 0.001136}
{"case": "arbiter-h4-d2-o1-c0", "status": "infeasible", "cost": null, "cpu": 0.000652}
{"case": "arbiter-h4-d2-o1-c1", "status": "infeasible", "cost": null, "cpu": 0.000799}
{"case": "arbiter-h4-d2-o1-c2", "status": "infeasible", "cost": null, "cpu": 0.000781}
{"case": "arbiter-h4-d2-o1-c012", "status": "infeasible", "cost": null, "cpu": 0.000852}
{"case": "arbiter-h4-d2-o2-c0", "status": "infeasible", "cost": null, "cpu": 0.000617}
{"case": "arbiter-h4-d2-o2-c1", "status": "infeasible", "cost": null, "cpu": 0.00102}
{"case": "arbiter-h4-d2-o2-c2", "status": "infeasible", "cost": null, "cpu": 0.001284}
{"case": "arbiter-h4-d2-o2-c012", "status": "infeasible", "cost": null, "cpu": 0.001136}
{"case": "arbiter-h8-d0-o1-c0", "status": "infeasible", "cost": null, "cpu": 0.000932}
{"case": "arbiter-h8-d0-o1-c1", "status": "infeasible", "cost": null, "cpu": 0.001632}
{"case": "arbiter-h8-d0-o1-c2", "status": "feasible", "cost": 1, "cpu": 0.001638}
{"case": "arbiter-h8-d0-o1-c012", "status": "infeasible", "cost": null, "cpu": 0.001453}
{"case": "arbiter-h8-d0-o2-c0", "status": "infeasible", "cost": null, "cpu": 0.000919}
{"case": "arbiter-h8-d0-o2-c1", "status": "infeasible", "cost": null, "cpu": 0.002122}
{"case": "arbiter-h8-d0-o2-c2", "status": "feasible", "cost": 1, "cpu": 0.003674}
{"case": "arbiter-h8-d0-o2-c012", "status": "infeasible", "cost": null, "cpu": 0.002126}
{"case": "arbiter-h8-d1-o1-c0", "status": "infeasible", "cost": null, "cpu": 0.000952}
{"case": "arbiter-h8-d1-o1-c1", "status": "infeasible", "cost": null, "cpu": 0.001541}
{"case": "arbiter-h8-d1-o1-c2", "status": "feasible", "cost": 2, "cpu": 0.002108}
{"case": "arbiter-h8-d1-o1-c012", "status": "infeasible", "cost": null, "cpu": 0.001373}
{"case": "arbiter-h8-d1-o2-c0", "status": "infeasible", "cost": null, "cpu": 0.00111}
{"case": "arbiter-h8-d1-o2-c1", "status": "infeasible", "cost": null, "cpu": 0.002197}
{"case": "arbiter-h8-d1-o2-c2", "status": "feasible", "cost": 2, "cpu": 0.003254}
{"case": "arbiter-h8-d1-o2-c012", "status": "infeasible", "cost": null, "cpu": 0.002133}
{"case": "arbiter-h8-d2-o1-c0", "status": "infeasible", "cost": null, "cpu": 0.000915}
{"case": "arbiter-h8-d2-o1-c1", "status": "infeasible", "cost": null, "cpu": 0.001632}
{"case": "arbiter-h8-d2-o1-c2", "status": "infeasible", "cost": null, "cpu": 0.001406}
{"case": "arbiter-h8-d2-o1-c012", "status": "infeasible", "cost": null, "cpu": 0.00137}
{"case": "arbiter-h8-d2-o2-c0", "status": "infeasible", "cost": null, "cpu": 0.001002}
{"case": "arbiter-h8-d2-o2-c1", "status": "infeasible", "cost": null, "cpu": 0.002265}
{"case": "arbiter-h8-d2-o2-c2", "status": "infeasible", "cost": null, "cpu": 0.002123}
{"case": "arbiter-h8-d2-o2-c012", "status": "infeasible", "cost": null, "cpu": 0.002838}
{"case": "arbiter-h12-d0-o1-c0", "status": "infeasible", "cost": null, "cpu": 0.001437}
{"case": "arbiter-h12-d0-o1-c1", "status": "infeasible", "cost": null, "cpu": 0.002493}
{"case": "arbiter-h12-d0-o1-c2", "status": "feasible", "cost": 1, "cpu": 0.003175}
{"case": "arbiter-h12-d0-o1-c012", "status": "infeasible", "cost": null, "cpu": 0.002393}
{"case": "arbiter-h12-d0-o2-c0", "status": "infeasible", "cost": null, "cpu": 0.001456}
{"case": "arbiter-h12-d0-o2-c1", "status": "infeasible", "cost": null, "cpu": 0.003441}
{"case": "arbiter-h12-d0-o2-c2", "status": "feasible", "cost": 1, "cpu": 0.007395}
{"case": "arbiter-h12-d0-o2-c012", "status": "infeasible", "cost": null, "cpu": 0.003802}
{"case": "arbiter-h12-d1-o1-c0", "status": "infeasible", "cost": null, "cpu": 0.001495}
{"case": "arbiter-h12-d1-o1-c1", "status": "infeasible", "cost": null, "cpu": 0.002432}
{"case": "arbiter-h12-d1-o1-c2", "status": "feasible", "cost": 1, "cpu": 0.003253}
{"case": "arbiter-h12-d1-o1-c012", "status": "infeasible", "cost": null, "cpu": 0.00252}
{"case": "arbiter-h12-d1-o2-c0", "status": "infeasible", "cost": null, "cpu": 0.001432}
{"case": "arbiter-h12-d1-o2-c1", "status": "infeasible", "cost": null, "cpu": 0.005461}
{"case": "arbiter-h12-d1-o2-c2", "status": "feasible", "cost": 2, "cpu": 0.00731}
{"case": "arbiter-h12-d1-o2-c012", "status": "infeasible", "cost": null, "cpu": 0.003923}
{"case": "arbiter-h12-d2-o1-c0", "status": "infeasible", "cost": null, "cpu": 0.001666}
{"case": "arbiter-h12-d2-o1-c1", "status": "infeasible", "cost": null, "cpu": 0.00245}
{"case": "arbiter-h12-d2-o1-c2", "status": "feasible", "cost": 3, "cpu": 0.0038}
{"case": "arbiter-h12-d2-o1-c012", "status": "infeasible", "cost": null, "cpu": 0.002515}
{"case": "arbiter-h12-d2-o2-c0", "status": "infeasible", "cost": null, "cpu": 0.001519}
{"case": "arbiter-h12-d2-o2-c1", "status": "infeasible", "cost": null, "cpu": 0.003532}
{"case": "arbiter-h12-d2-o2-c2", "status": "feasible", "cost": 3, "cpu": 0.006668}
{"case": "arbiter-h12-d2-o2-c012", "status": "infeasible", "cost": null, "cpu": 0.003962}
{"case": "credit-h4-d0-o1-c0", "status": "infeasible", "cost": null, "cpu": 0.002543}
{"case": "credit-h4-d0-o1-c1", "status": "infeasible", "cost": null, "cpu": 0.003365}
{"case": "credit-h4-d0-o1-c2", "status": "infeasible", "cost": null, "cpu": 0.00326}
{"case": "credit-h4-d0-o1-c012", "status": "infeasible", "cost": null, "cpu": 0.001497}
{"case": "credit-h4-d0-o2-c0", "status": "infeasible", "cost": null, "cpu": 0.001394}
{"case": "credit-h4-d0-o2-c1", "status": "infeasible", "cost": null, "cpu": 0.009915}
{"case": "credit-h4-d0-o2-c2", "status": "infeasible", "cost": null, "cpu": 0.007743}
{"case": "credit-h4-d0-o2-c012", "status": "infeasible", "cost": null, "cpu": 0.001819}
{"case": "credit-h4-d1-o1-c0", "status": "infeasible", "cost": null, "cpu": 0.001276}
{"case": "credit-h4-d1-o1-c1", "status": "infeasible", "cost": null, "cpu": 0.002927}
{"case": "credit-h4-d1-o1-c2", "status": "infeasible", "cost": null, "cpu": 0.004909}
{"case": "credit-h4-d1-o1-c012", "status": "infeasible", "cost": null, "cpu": 0.001659}
{"case": "credit-h4-d1-o2-c0", "status": "infeasible", "cost": null, "cpu": 0.001571}
{"case": "credit-h4-d1-o2-c1", "status": "infeasible", "cost": null, "cpu": 0.007095}
{"case": "credit-h4-d1-o2-c2", "status": "infeasible", "cost": null, "cpu": 0.007826}
{"case": "credit-h4-d1-o2-c012", "status": "infeasible", "cost": null, "cpu": 0.001993}
{"case": "credit-h4-d2-o1-c0", "status": "infeasible", "cost": null, "cpu": 0.001371}
{"case": "credit-h4-d2-o1-c1", "status": "infeasible", "cost": null, "cpu": 0.002152}
{"case": "credit-h4-d2-o1-c2", "status": "infeasible", "cost": null, "cpu": 0.001559}
{"case": "credit-h4-d2-o1-c012", "status": "infeasible", "cost": null, "cpu": 0.001419}
{"case": "credit-h4-d2-o2-c0", "status": "infeasible", "cost": null, "cpu": 0.001335}
{"case": "credit-h4-d2-o2-c1", "status": "infeasible", "cost": null, "cpu": 0.004251}
{"case": "credit-h4-d2-o2-c2", "status": "infeasible", "cost": null, "cpu": 0.002345}
{"case": "credit-h4-d2-o2-c012", "status": "infeasible", "cost": null, "cpu": 0.001803}
{"case": "credit-h8-d0-o1-c0", "status": "infeasible", "cost": null, "cpu": 0.001876}
{"case": "credit-h8-d0-o1-c1", "status": "infeasible", "cost": null, "cpu": 0.004823}
{"case": "credit-h8-d0-o1-c2", "status": "feasible", "cost": 1, "cpu": 0.00186}
{"case": "credit-h8-d0-o1-c012", "status": "infeasible", "cost": null, "cpu": 0.002284}
{"case": "credit-h8-d0-o2-c0", "status": "infeasible", "cost": null, "cpu": 0.00196}
{"case": "credit-h8-d0-o2-c1", "status": "infeasible", "cost": null, "cpu": 0.012998}
{"case": "credit-h8-d0-o2-c2", "status": "feasible", "cost": 1, "cpu": 0.005665}
{"case": "credit-h8-d0-o2-c012", "status": "infeasible", "cost": null, "cpu": 0.003464}
{"case": "credit-h8-d1-o1-c0", "status": "infeasible", "cost": null, "cpu": 0.001847}
{"case": "credit-h8-d1-o1-c1", "status": "infeasible", "cost": null, "cpu": 0.005743}
{"case": "credit-h8-d1-o1-c2", "status": "feasible", "cost": 3, "cpu": 0.005011}
{"case": "credit-h8-d1-o1-c012", "status": "infeasible", "cost": null, "cpu": 0.002359}
{"case": "credit-h8-d1-o2-c0", "status": "infeasible", "cost": null, "cpu": 0.001851}
{"case": "credit-h8-d1-o2-c1", "status": "infeasible", "cost": null, "cpu": 0.014072}
{"case": "credit-h8-d1-o2-c2", "status": "feasible", "cost": 3, "cpu": 0.010858}
{"case": "credit-h8-d1-o2-c012", "status": "infeasible", "cost": null, "cpu": 0.00452}
{"case": "credit-h8-d2-o1-c0", "status": "infeasible", "cost": null, "cpu": 0.00203}
{"case": "credit-h8-d2-o1-c1", "status": "infeasible", "cost": null, "cpu": 0.005118}
{"case": "credit-h8-d2-o1-c2", "status": "infeasible", "cost": null, "cpu": 0.005162}
{"case": "credit-h8-d2-o1-c012", "status": "infeasible", "cost": null, "cpu": 0.002468}
{"case": "credit-h8-d2-o2-c0", "status": "infeasible", "cost": null, "cpu": 0.001997}
{"case": "credit-h8-d2-o2-c1", "status": "infeasible", "cost": null, "cpu": 0.012762}
{"case": "credit-h8-d2-o2-c2", "status": "infeasible", "cost": null, "cpu": 0.011735}
{"case": "credit-h8-d2-o2-c012", "status": "infeasible", "cost": null, "cpu": 0.004311}
{"case": "credit-h12-d0-o1-c0", "status": "infeasible", "cost": null, "cpu": 0.004084}
{"case": "credit-h12-d0-o1-c1", "status": "infeasible", "cost": null, "cpu": 0.008244}
{"case": "credit-h12-d0-o1-c2", "status": "feasible", "cost": 1, "cpu": 0.003242}
{"case": "credit-h12-d0-o1-c012", "status": "infeasible", "cost": null, "cpu": 0.004345}
{"case": "credit-h12-d0-o2-c0", "status": "infeasible", "cost": null, "cpu": 0.003267}
{"case": "credit-h12-d0-o2-c1", "status": "infeasible", "cost": null, "cpu": 0.01877}
{"case": "credit-h12-d0-o2-c2", "status": "feasible", "cost": 1, "cpu": 0.011048}
{"case": "credit-h12-d0-o2-c012", "status": "infeasible", "cost": null, "cpu": 0.006129}
{"case": "credit-h12-d1-o1-c0", "status": "infeasible", "cost": null, "cpu": 0.002852}
{"case": "credit-h12-d1-o1-c1", "status": "infeasible", "cost": null, "cpu": 0.006906}
{"case": "credit-h12-d1-o1-c2", "status": "feasible", "cost": 1, "cpu": 0.003263}
{"case": "credit-h12-d1-o1-c012", "status": "infeasible", "cost": null, "cpu": 0.003819}
{"case": "credit-h12-d1-o2-c0", "status": "infeasible", "cost": null, "cpu": 0.002914}
{"case": "credit-h12-d1-o2-c1", "status": "infeasible", "cost": null, "cpu": 0.019246}
{"case": "credit-h12-d1-o2-c2", "status": "feasible", "cost": 1, "cpu": 0.010955}
{"case": "credit-h12-d1-o2-c012", "status": "infeasible", "cost": null, "cpu": 0.007422}
{"case": "credit-h12-d2-o1-c0", "status": "infeasible", "cost": null, "cpu": 0.002798}
{"case": "credit-h12-d2-o1-c1", "status": "infeasible", "cost": null, "cpu": 0.006822}
{"case": "credit-h12-d2-o1-c2", "status": "feasible", "cost": 2, "cpu": 0.006041}
{"case": "credit-h12-d2-o1-c012", "status": "infeasible", "cost": null, "cpu": 0.003658}
{"case": "credit-h12-d2-o2-c0", "status": "infeasible", "cost": null, "cpu": 0.003073}
{"case": "credit-h12-d2-o2-c1", "status": "infeasible", "cost": null, "cpu": 0.019513}
{"case": "credit-h12-d2-o2-c2", "status": "feasible", "cost": 2, "cpu": 0.01605}
{"case": "credit-h12-d2-o2-c012", "status": "infeasible", "cost": null, "cpu": 0.006159}
{"case": "handshake-h4-d0-o1-c0", "status": "infeasible", "cost": null, "cpu": 0.000626}
{"case": "handshake-h4-d0-o1-c1", "status": "feasible", "cost": 1, "cpu": 0.000529}
{"case": "handshake-h4-d0-o1-c2", "status": "feasible", "cost": 1, "cpu": 0.000577}
{"case": "handshake-h4-d0-o1-c012", "status": "infeasible", "cost": null, "cpu": 0.000807}
{"case": "handshake-h4-d0-o2-c0", "status": "infeasible", "cost": null, "cpu": 0.000659}
{"case": "handshake-h4-d0-o2-c1", "status": "feasible", "cost": 2, "cpu": 0.001144}
{"case": "handshake-h4-d0-o2-c2", "status": "infeasible", "cost": null, "cpu": 0.001177}
{"case": "handshake-h4-d0-o2-c012", "status": "infeasible", "cost": null, "cpu": 0.000841}
{"case": "handshake-h4-d1-o1-c0", "status": "infeasible", "cost": null, "cpu": 0.000614}
{"case": "handshake-h4-d1-o1-c1", "status": "infeasible", "cost": null, "cpu": 0.000716}
{"case": "handshake-h4-d1-o1-c2", "status": "infeasible", "cost": null, "cpu": 0.000705}
{"case": "handshake-h4-d1-o1-c012", "status": "infeasible", "cost": null, "cpu": 0.000685}
{"case": "handshake-h4-d1-o2-c0", "status": "infeasible", "cost": null, "cpu": 0.000871}
{"case": "handshake-h4-d1-o2-c1", "status": "infeasible", "cost": null, "cpu": 0.00129}
{"case": "handshake-h4-d1-o2-c2", "status": "infeasible", "cost": null, "cpu": 0.000737}
{"case": "handshake-h4-d1-o2-c012", "status": "infeasible", "cost": null, "cpu": 0.00082}
{"case": "handshake-h4-d2-o1-c0", "status": "infeasible", "cost": null, "cpu": 0.000608}
{"case": "handshake-h4-d2-o1-c1", "status": "infeasible", "cost": null, "cpu": 0.000726}
{"case": "handshake-h4-d2-o1-c2", "status": "infeasible", "cost": null, "cpu": 0.000587}
{"case": "handshake-h4-d2-o1-c012", "status": "infeasible", "cost": null, "cpu": 0.000663}
{"case": "handshake-h4-d2-o2-c0", "status": "infeasible", "cost": null, "cpu": 0.000589}
{"case": "handshake-h4-d2-o2-c1", "status": "infeasible", "cost": null, "cpu": 0.001096}
{"case": "handshake-h4-d2-o2-c2", "status": "infeasible", "cost": null, "cpu": 0.00076}
{"case": "handshake-h4-d2-o2-c012", "status": "infeasible", "cost": null, "cpu": 0.001024}
{"case": "handshake-h8-d0-o1-c0", "status": "infeasible", "cost": null, "cpu": 0.000917}
{"case": "handshake-h8-d0-o1-c1", "status": "feasible", "cost": 1, "cpu": 0.000936}
{"case": "handshake-h8-d0-o1-c2", "status": "feasible", "cost": 1, "cpu": 0.001004}
{"case": "handshake-h8-d0-o1-c012", "status": "infeasible", "cost": null, "cpu": 0.001142}
{"case": "handshake-h8-d0-o2-c0", "status": "infeasible", "cost": null, "cpu": 0.000848}
{"case": "handshake-h8-d0-o2-c1", "status": "feasible", "cost": 1, "cpu": 0.002352}
{"case": "handshake-h8-d0-o2-c2", "status": "feasible", "cost": 1, "cpu": 0.001818}
{"case": "handshake-h8-d0-o2-c012", "status": "infeasible", "cost": null, "cpu": 0.001458}
{"case": "handshake-h8-d1-o1-c0", "status": "infeasible", "cost": null, "cpu": 0.000865}
{"case": "handshake-h8-d1-o1-c1", "status": "feasible", "cost": 1, "cpu": 0.000979}
{"case": "handshake-h8-d1-o1-c2", "status": "feasible", "cost": 2, "cpu": 0.000961}
{"case": "handshake-h8-d1-o1-c012", "status": "infeasible", "cost": null, "cpu": 0.000999}
{"case": "handshake-h8-d1-o2-c0", "status": "infeasible", "cost": null, "cpu": 0.000925}
{"case": "handshake-h8-d1-o2-c1", "status": "feasible", "cost": 2, "cpu": 0.002689}
{"case": "handshake-h8-d1-o2-c2", "status": "infeasible", "cost": null, "cpu": 0.00164}
{"case": "handshake-h8-d1-o2-c012", "status": "infeasible", "cost": null, "cpu": 0.00139}
{"case": "handshake-h8-d2-o1-c0", "status": "infeasible", "cost": null, "cpu": 0.00117}
{"case": "handshake-h8-d2-o1-c1", "status": "feasible", "cost": 2, "cpu": 0.001297}
{"case": "handshake-h8-d2-o1-c2", "status": "infeasible", "cost": null, "cpu": 0.000898}
{"case": "handshake-h8-d2-o1-c012", "status": "infeasible", "cost": null, "cpu": 0.001007}
{"case": "handshake-h8-d2-o2-c0", "status": "infeasible", "cost": null, "cpu": 0.000891}
{"case": "handshake-h8-d2-o2-c1", "status": "feasible", "cost": 3, "cpu": 0.00295}
{"case": "handshake-h8-d2-o2-c2", "status": "infeasible", "cost": null, "cpu": 0.001304}
{"case": "handshake-h8-d2-o2-c012", "status": "infeasible", "cost": null, "cpu": 0.001525}
{"case": "handshake-h12-d0-o1-c0", "status": "infeasible", "cost": null, "cpu": 0.001193}
{"case": "handshake-h12-d0-o1-c1", "status": "feasible", "cost": 1, "cpu": 0.001418}
{"case": "handshake-h12-d0-o1-c2", "status": "feasible", "cost": 1, "cpu": 0.001189}
{"case": "handshake-h12-d0-o1-c012", "status": "infeasible", "cost": null, "cpu": 0.001534}
{"case": "handshake-h12-d0-o2-c0", "status": "infeasible", "cost": null, "cpu": 0.001305}
{"case": "handshake-h12-d0-o2-c1", "status": "feasible", "cost": 1, "cpu": 0.004443}
{"case": "handshake-h12-d0-o2-c2", "status": "feasible", "cost": 1, "cpu": 0.003251}
{"case": "handshake-h12-d0-o2-c012", "status": "infeasible", "cost": null, "cpu": 0.002393}
{"case": "handshake-h12-d1-o1-c0", "status": "infeasible", "cost": null, "cpu": 0.001207}
{"case": "handshake-h12-d1-o1-c1", "status": "feasible", "cost": 1, "cpu": 0.001654}
{"case": "handshake-h12-d1-o1-c2", "status": "feasible", "cost": 1, "cpu": 0.001239}
{"case": "handshake-h12-d1-o1-c012", "status": "infeasible", "cost": null, "cpu": 0.00151}
{"case": "handshake-h12-d1-o2-c0", "status": "infeasible", "cost": null, "cpu": 0.001267}
{"case": "handshake-h12-d1-o2-c1", "status": "feasible", "cost": 1, "cpu": 0.004578}
{"case": "handshake-h12-d1-o2-c2", "status": "infeasible", "cost": null, "cpu": 0.003013}
{"case": "handshake-h12-d1-o2-c012", "status": "infeasible", "cost": null, "cpu": 0.002331}
{"case": "handshake-h12-d2-o1-c0", "status": "infeasible", "cost": null, "cpu": 0.001229}
{"case": "handshake-h12-d2-o1-c1", "status": "feasible", "cost": 1, "cpu": 0.001494}
{"case": "handshake-h12-d2-o1-c2", "status": "infeasible", "cost": null, "cpu": 0.001291}
{"case": "handshake-h12-d2-o1-c012", "status": "infeasible", "cost": null, "cpu": 0.001499}
{"case": "handshake-h12-d2-o2-c0", "status": "infeasible", "cost": null, "cpu": 0.001312}
{"case": "handshake-h12-d2-o2-c1", "status": "feasible", "cost": 2, "cpu": 0.004949}
{"case": "handshake-h12-d2-o2-c2", "status": "infeasible", "cost": null, "cpu": 0.001695}
{"case": "handshake-h12-d2-o2-c012", "status": "infeasible", "cost": null, "cpu": 0.002347}
{"case": "lfsr-h4-d0-o1-c0", "status": "infeasible", "cost": null, "cpu": 0.001982}
{"case": "lfsr-h4-d0-o1-c1", "status": "infeasible", "cost": null, "cpu": 0.007153}
{"case": "lfsr-h4-d0-o1-c2", "status": "infeasible", "cost": null, "cpu": 0.004562}
{"case": "lfsr-h4-d0-o1-c012", "status": "infeasible", "cost": null, "cpu": 0.002173}
{"case": "lfsr-h4-d0-o2-c0", "status": "infeasible", "cost": null, "cpu": 0.001857}
{"case": "lfsr-h4-d0-o2-c1", "status": "infeasible", "cost": null, "cpu": 0.019395}
{"case": "lfsr-h4-d0-o2-c2", "status": "infeasible", "cost": null, "cpu": 0.014678}
{"case": "lfsr-h4-d0-o2-c012", "status": "infeasible", "cost": null, "cpu": 0.002833}
{"case": "lfsr-h4-d1-o1-c0", "status": "infeasible", "cost": null, "cpu": 0.001928}
{"case": "lfsr-h4-d1-o1-c1", "status": "infeasible", "cost": null, "cpu": 0.004459}
{"case": "lfsr-h4-d1-o1-c2", "status": "infeasible", "cost": null, "cpu": 0.002458}
{"case": "lfsr-h4-d1-o1-c012", "status": "infeasible", "cost": null, "cpu": 0.002089}
{"case": "lfsr-h4-d1-o2-c0", "status": "infeasible", "cost": null, "cpu": 0.001839}
{"case": "lfsr-h4-d1-o2-c1", "status": "infeasible", "cost": null, "cpu": 0.011507}
{"case": "lfsr-h4-d1-o2-c2", "status": "infeasible", "cost": null, "cpu": 0.005942}
{"case": "lfsr-h4-d1-o2-c012", "status": "infeasible", "cost": null, "cpu": 0.002587}
{"case": "lfsr-h4-d2-o1-c0", "status": "infeasible", "cost": null, "cpu": 0.001838}
{"case": "lfsr-h4-d2-o1-c1", "status": "infeasible", "cost": null, "cpu": 0.002051}
{"case": "lfsr-h4-d2-o1-c2", "status": "infeasible", "cost": null, "cpu": 0.002038}
{"case": "lfsr-h4-d2-o1-c012", "status": "infeasible", "cost": null, "cpu": 0.002123}
{"case": "lfsr-h4-d2-o2-c0", "status": "infeasible", "cost": null, "cpu": 0.002085}
{"case": "lfsr-h4-d2-o2-c1", "status": "infeasible", "cost": null, "cpu": 0.004317}
{"case": "lfsr-h4-d2-o2-c2", "status": "infeasible", "cost": null, "cpu": 0.003491}
{"case": "lfsr-h4-d2-o2-c012", "status": "infeasible", "cost": null, "cpu": 0.002605}
{"case": "lfsr-h8-d0-o1-c0", "status": "infeasible", "cost": null, "cpu": 0.002761}
{"case": "lfsr-h8-d0-o1-c1", "status": "infeasible", "cost": null, "cpu": 0.01098}
{"case": "lfsr-h8-d0-o1-c2", "status": "infeasible", "cost": null, "cpu": 0.011144}
{"case": "lfsr-h8-d0-o1-c012", "status": "infeasible", "cost": null, "cpu": 0.003403}
{"case": "lfsr-h8-d0-o2-c0", "status": "infeasible", "cost": null, "cpu": 0.002836}
{"case": "lfsr-h8-d0-o2-c1", "status": "infeasible", "cost": null, "cpu": 0.036845}
{"case": "lfsr-h8-d0-o2-c2", "status": "infeasible", "cost": null, "cpu": 0.037145}
{"case": "lfsr-h8-d0-o2-c012", "status": "infeasible", "cost": null, "cpu": 0.005049}
{"case": "lfsr-h8-d1-o1-c0", "status": "infeasible", "cost": null, "cpu": 0.002997}
{"case": "lfsr-h8-d1-o1-c1", "status": "infeasible", "cost": null, "cpu": 0.010744}
{"case": "lfsr-h8-d1-o1-c2", "status": "infeasible", "cost": null, "cpu": 0.010206}
{"case": "lfsr-h8-d1-o1-c012", "status": "infeasible", "cost": null, "cpu": 0.003398}
{"case": "lfsr-h8-d1-o2-c0", "status": "infeasible", "cost": null, "cpu": 0.002915}
{"case": "lfsr-h8-d1-o2-c1", "status": "infeasible", "cost": null, "cpu": 0.03449}
{"case": "lfsr-h8-d1-o2-c2", "status": "infeasible", "cost": null, "cpu": 0.035419}
{"case": "lfsr-h8-d1-o2-c012", "status": "infeasible", "cost": null, "cpu": 0.005423}
{"case": "lfsr-h8-d2-o1-c0", "status": "infeasible", "cost": null, "cpu": 0.002906}
{"case": "lfsr-h8-d2-o1-c1", "status": "infeasible", "cost": null, "cpu": 0.00656}
{"case": "lfsr-h8-d2-o1-c2", "status": "infeasible", "cost": null, "cpu": 0.006369}
{"case": "lfsr-h8-d2-o1-c012", "status": "infeasible", "cost": null, "cpu": 0.003371}
{"case": "lfsr-h8-d2-o2-c0", "status": "infeasible", "cost": null, "cpu": 0.003288}
{"case": "lfsr-h8-d2-o2-c1", "status": "infeasible", "cost": null, "cpu": 0.017965}
{"case": "lfsr-h8-d2-o2-c2", "status": "infeasible", "cost": null, "cpu": 0.017736}
{"case": "lfsr-h8-d2-o2-c012", "status": "infeasible", "cost": null, "cpu": 0.005247}
{"case": "lfsr-h12-d0-o1-c0", "status": "infeasible", "cost": null, "cpu": 0.004565}
{"case": "lfsr-h12-d0-o1-c1", "status": "infeasible", "cost": null, "cpu": 0.016566}
{"case": "lfsr-h12-d0-o1-c2", "status": "infeasible", "cost": null, "cpu": 0.016462}
{"case": "lfsr-h12-d0-o1-c012", "status": "infeasible", "cost": null, "cpu": 0.00531}
{"case": "lfsr-h12-d0-o2-c0", "status": "infeasible", "cost": null, "cpu": 0.004291}
{"case": "lfsr-h12-d0-o2-c1", "status": "infeasible", "cost": null, "cpu": 0.059529}
{"case": "lfsr-h12-d0-o2-c2", "status": "infeasible", "cost": null, "cpu": 0.05744}
{"case": "lfsr-h12-d0-o2-c012", "status": "infeasible", "cost": null, "cpu": 0.008678}
{"case": "lfsr-h12-d1-o1-c0", "status": "infeasible", "cost": null, "cpu": 0.004296}
{"case": "lfsr-h12-d1-o1-c1", "status": "infeasible", "cost": null, "cpu": 0.016459}
{"case": "lfsr-h12-d1-o1-c2", "status": "infeasible", "cost": null, "cpu": 0.015642}
{"case": "lfsr-h12-d1-o1-c012", "status": "infeasible", "cost": null, "cpu": 0.005289}
{"case": "lfsr-h12-d1-o2-c0", "status": "infeasible", "cost": null, "cpu": 0.004234}
{"case": "lfsr-h12-d1-o2-c1", "status": "infeasible", "cost": null, "cpu": 0.056474}
{"case": "lfsr-h12-d1-o2-c2", "status": "infeasible", "cost": null, "cpu": 0.059082}
{"case": "lfsr-h12-d1-o2-c012", "status": "infeasible", "cost": null, "cpu": 0.009074}
{"case": "lfsr-h12-d2-o1-c0", "status": "infeasible", "cost": null, "cpu": 0.004589}
{"case": "lfsr-h12-d2-o1-c1", "status": "infeasible", "cost": null, "cpu": 0.014825}
{"case": "lfsr-h12-d2-o1-c2", "status": "infeasible", "cost": null, "cpu": 0.016662}
{"case": "lfsr-h12-d2-o1-c012", "status": "infeasible", "cost": null, "cpu": 0.005425}
{"case": "lfsr-h12-d2-o2-c0", "status": "infeasible", "cost": null, "cpu": 0.004273}
{"case": "lfsr-h12-d2-o2-c1", "status": "infeasible", "cost": null, "cpu": 0.04868}
{"case": "lfsr-h12-d2-o2-c2", "status": "infeasible", "cost": null, "cpu": 0.055147}
{"case": "lfsr-h12-d2-o2-c012", "status": "infeasible", "cost": null, "cpu": 0.009156}
{"run_summary": {"cases": ["counter-h4-d0-o1-c0", "counter-h4-d0-o1-c1", "counter-h4-d0-o1-c2", "counter-h4-d0-o1-c012", "counter-h4-d0-o2-c0", "counter-h4-d0-o2-c1", "counter-h4-d0-o2-c2", "counter-h4-d0-o2-c012", "counter-h4-d1-o1-c0", "counter-h4-d1-o1-c1", "counter-h4-d1-o1-c2", "counter-h4-d1-o1-c012", "counter-h4-d1-o2-c0", "counter-h4-d1-o2-c1", "counter-h4-d1-o2-c2", "counter-h4-d1-o2-c012", "counter-h4-d2-o1-c0", "counter-h4-d2-o1-c1", "counter-h4-d2-o1-c2", "counter-h4-d2-o1-c012", "counter-h4-d2-o2-c0", "counter-h4-d2-o2-c1", "counter-h4-d2-o2-c2", "counter-h4-d2-o2-c012", "counter-h8-d0-o1-c0", "counter-h8-d0-o1-c1", "counter-h8-d0-o1-c2", "counter-h8-d0-o1-c012", "counter-h8-d0-o2-c0", "counter-h8-d0-o2-c1", "counter-h8-d0-o2-c2", "counter-h8-d0-o2-c012", "counter-h8-d1-o1-c0", "counter-h8-d1-o1-c1", "counter-h8-d1-o1-c2", "counter-h8-d1-o1-c012", "counter-h8-d1-o2-c0", "counter-h8-d1-o2-c1", "counter-h8-d1-o2-c2", "counter-h8-d1-o2-c012", "counter-h8-d2-o1-c0", "counter-h8-d2-o1-c1", "counter-h8-d2-o1-c2", "counter-h8-d2-o1-c012", "counter-h8-d2-o2-c0", "counter-h8-d2-o2-c1", "counter-h8-d2-o2-c2", "counter-h8-d2-o2-c012", "counter-h12-d0-o1-c0", "counter-h12-d0-o1-c1", "counter-h12-d0-o1-c2", "counter-h12-d0-o1-c012", "counter-h12-d0-o2-c0", "counter-h12-d0-o2-c1", "counter-h12-d0-o2-c2", "counter-h12-d0-o2-c012", "counter-h12-d1-o1-c0", "counter-h12-d1-o1-c1", "counter-h12-d1-o1-c2", "counter-h12-d1-o1-c012", "counter-h12-d1-o2-c0", "counter-h12-d1-o2-c1", "counter-h12-d1-o2-c2", "counter-h12-d1-o2-c012", "counter-h12-d2-o1-c0", "counter-h12-d2-o1-c1", "counter-h12-d2-o1-c2", "counter-h12-d2-o1-c012", "counter-h12-d2-o2-c0", "counter-h12-d2-o2-c1", "counter-h12-d2-o2-c2", "counter-h12-d2-o2-c012", "fifo-h4-d0-o1-c0", "fifo-h4-d0-o1-c1", "fifo-h4-d0-o1-c2", "fifo-h4-d0-o1-c012", "fifo-h4-d0-o2-c0", "fifo-h4-d0-o2-c1", "fifo-h4-d0-o2-c2", "fifo-h4-d0-o2-c012", "fifo-h4-d1-o1-c0", "fifo-h4-d1-o1-c1", "fifo-h4-d1-o1-c2", "fifo-h4-d1-o1-c012", "fifo-h4-d1-o2-c0", "fifo-h4-d1-o2-c1", "fifo-h4-d1-o2-c2", "fifo-h4-d1-o2-c012", "fifo-h4-d2-o1-c0", "fifo-h4-d2-o1-c1", "fifo-h4-d2-o1-c2", "fifo-h4-d2-o1-c012", "fifo-h4-d2-o2-c0", "fifo-h4-d2-o2-c1", "fifo-h4-d2-o2-c2", "fifo-h4-d2-o2-c012", "fifo-h8-d0-o1-c0", "fifo-h8-d0-o1-c1", "fifo-h8-d0-o1-c2", "fifo-h8-d0-o1-c012", "fifo-h8-d0-o2-c0", "fifo-h8-d0-o2-c1", "fifo-h8-d0-o2-c2", "fifo-h8-d0-o2-c012", "fifo-h8-d1-o1-c0", "fifo-h8-d1-o1-c1", "fifo-h8-d1-o1-c2", "fifo-h8-d1-o1-c012", "fifo-h8-d1-o2-c0", "fifo-h8-d1-o2-c1", "fifo-h8-d1-o2-c2", "fifo-h8-d1-o2-c012", "fifo-h8-d2-o1-c0", "fifo-h8-d2-o1-c1", "fifo-h8-d2-o1-c2", "fifo-h8-d2-o1-c012", "fifo-h8-d2-o2-c0", "fifo-h8-d2-o2-c1", "fifo-h8-d2-o2-c2", "fifo-h8-d2-o2-c012", "fifo-h12-d0-o1-c0", "fifo-h12-d0-o1-c1", "fifo-h12-d0-o1-c2", "fifo-h12-d0-o1-c012", "fifo-h12-d0-o2-c0", "fifo-h12-d0-o2-c1", "fifo-h12-d0-o2-c2", "fifo-h12-d0-o2-c012", "fifo-h12-d1-o1-c0", "fifo-h12-d1-o1-c1", "fifo-h12-d1-o1-c2", "fifo-h12-d1-o1-c012", "fifo-h12-d1-o2-c0", "fifo-h12-d1-o2-c1", "fifo-h12-d1-o2-c2", "fifo-h12-d1-o2-c012", "fifo-h12-d2-o1-c0", "fifo-h12-d2-o1-c1", "fifo-h12-d2-o1-c2", "fifo-h12-d2-o1-c012", "fifo-h12-d2-o2-c0", "fifo-h12-d2-o2-c1", "fifo-h12-d2-o2-c2", "fifo-h12-d2-o2-c012", "arbiter-h4-d0-o1-c0", "arbiter-h4-d0-o1-c1", "arbiter-h4-d0-o1-c2", "arbiter-h4-d0-o1-c012", "arbiter-h4-d0-o2-c0", "arbiter-h4-d0-o2-c1", "arbiter-h4-d0-o2-c2", "arbiter-h4-d0-o2-c012", "arbiter-h4-d1-o1-c0", "arbiter-h4-d1-o1-c1", "arbiter-h4-d1-o1-c2", "arbiter-h4-d1-o1-c012", "arbiter-h4-d1-o2-c0", "arbiter-h4-d1-o2-c1", "arbiter-h4-d1-o2-c2", "arbiter-h4-d1-o2-c012", "arbiter-h4-d2-o1-c0", "arbiter-h4-d2-o1-c1", "arbiter-h4-d2-o1-c2", "arbiter-h4-d2-o1-c012", "arbiter-h4-d2-o2-c0", "arbiter-h4-d2-o2-c1", "arbiter-h4-d2-o2-c2", "arbiter-h4-d2-o2-c012", "arbiter-h8-d0-o1-c0", "arbiter-h8-d0-o1-c1", "arbiter-h8-d0-o1-c2", "arbiter-h8-d0-o1-c012", "arbiter-h8-d0-o2-c0", "arbiter-h8-d0-o2-c1", "arbiter-h8-d0-o2-c2", "arbiter-h8-d0-o2-c012", "arbiter-h8-d1-o1-c0", "arbiter-h8-d1-o1-c1", "arbiter-h8-d1-o1-c2", "arbiter-h8-d1-o1-c012", "arbiter-h8-d1-o2-c0", "arbiter-h8-d1-o2-c1", "arbiter-h8-d1-o2-c2", "arbiter-h8-d1-o2-c012", "arbiter-h8-d2-o1-c0", "arbiter-h8-d2-o1-c1", "arbiter-h8-d2-o1-c2", "arbiter-h8-d2-o1-c012", "arbiter-h8-d2-o2-c0", "arbiter-h8-d2-o2-c1", "arbiter-h8-d2-o2-c2", "arbiter-h8-d2-o2-c012", "arbiter-h12-d0-o1-c0", "arbiter-h12-d0-o1-c1", "arbiter-h12-d0-o1-c2", "arbiter-h12-d0-o1-c012", "arbiter-h12-d0-o2-c0", "arbiter-h12-d0-o2-c1", "arbiter-h12-d0-o2-c2", "arbiter-h12-d0-o2-c012", "arbiter-h12-d1-o1-c0", "arbiter-h12-d1-o1-c1", "arbiter-h12-d1-o1-c2", "arbiter-h12-d1-o1-c012", "arbiter-h12-d1-o2-c0", "arbiter-h12-d1-o2-c1", "arbiter-h12-d1-o2-c2", "arbiter-h12-d1-o2-c012", "arbiter-h12-d2-o1-c0", "arbiter-h12-d2-o1-c1", "arbiter-h12-d2-o1-c2", "arbiter-h12-d2-o1-c012", "arbiter-h12-d2-o2-c0", "arbiter-h12-d2-o2-c1", "arbiter-h12-d2-o2-c2", "arbiter-h12-d2-o2-c012", "credit-h4-d0-o1-c0", "credit-h4-d0-o1-c1", "credit-h4-d0-o1-c2", "credit-h4-d0-o1-c012", "credit-h4-d0-o2-c0", "credit-h4-d0-o2-c1", "credit-h4-d0-o2-c2", "credit-h4-d0-o2-c012", "credit-h4-d1-o1-c0", "credit-h4-d1-o1-c1", "credit-h4-d1-o1-c2", "credit-h4-d1-o1-c012", "credit-h4-d1-o2-c0", "credit-h4-d1-o2-c1", "credit-h4-d1-o2-c2", "credit-h4-d1-o2-c012", "credit-h4-d2-o1-c0", "credit-h4-d2-o1-c1", "credit-h4-d2-o1-c2", "credit-h4-d2-o1-c012", "credit-h4-d2-o2-c0", "credit-h4-d2-o2-c1", "credit-h4-d2-o2-c2", "credit-h4-d2-o2-c012", "credit-h8-d0-o1-c0", "credit-h8-d0-o1-c1", "credit-h8-d0-o1-c2", "credit-h8-d0-o1-c012", "credit-h8-d0-o2-c0", "credit-h8-d0-o2-c1", "credit-h8-d0-o2-c2", "credit-h8-d0-o2-c012", "credit-h8-d1-o1-c0", "credit-h8-d1-o1-c1", "credit-h8-d1-o1-c2", "credit-h8-d1-o1-c012", "credit-h8-d1-o2-c0", "credit-h8-d1-o2-c1", "credit-h8-d1-o2-c2", "credit-h8-d1-o2-c012", "credit-h8-d2-o1-c0", "credit-h8-d2-o1-c1", "credit-h8-d2-o1-c2", "credit-h8-d2-o1-c012", "credit-h8-d2-o2-c0", "credit-h8-d2-o2-c1", "credit-h8-d2-o2-c2", "credit-h8-d2-o2-c012", "credit-h12-d0-o1-c0", "credit-h12-d0-o1-c1", "credit-h12-d0-o1-c2", "credit-h12-d0-o1-c012", "credit-h12-d0-o2-c0", "credit-h12-d0-o2-c1", "credit-h12-d0-o2-c2", "credit-h12-d0-o2-c012", "credit-h12-d1-o1-c0", "credit-h12-d1-o1-c1", "credit-h12-d1-o1-c2", "credit-h12-d1-o1-c012", "credit-h12-d1-o2-c0", "credit-h12-d1-o2-c1", "credit-h12-d1-o2-c2", "credit-h12-d1-o2-c012", "credit-h12-d2-o1-c0", "credit-h12-d2-o1-c1", "credit-h12-d2-o1-c2", "credit-h12-d2-o1-c012", "credit-h12-d2-o2-c0", "credit-h12-d2-o2-c1", "credit-h12-d2-o2-c2", "credit-h12-d2-o2-c012", "handshake-h4-d0-o1-c0", "handshake-h4-d0-o1-c1", "handshake-h4-d0-o1-c2", "handshake-h4-d0-o1-c012", "handshake-h4-d0-o2-c0", "handshake-h4-d0-o2-c1", "handshake-h4-d0-o2-c2", "handshake-h4-d0-o2-c012", "handshake-h4-d1-o1-c0", "handshake-h4-d1-o1-c1", "handshake-h4-d1-o1-c2", "handshake-h4-d1-o1-c012", "handshake-h4-d1-o2-c0", "handshake-h4-d1-o2-c1", "handshake-h4-d1-o2-c2", "handshake-h4-d1-o2-c012", "handshake-h4-d2-o1-c0", "handshake-h4-d2-o1-c1", "handshake-h4-d2-o1-c2", "handshake-h4-d2-o1-c012", "handshake-h4-d2-o2-c0", "handshake-h4-d2-o2-c1", "handshake-h4-d2-o2-c2", "handshake-h4-d2-o2-c012", "handshake-h8-d0-o1-c0", "handshake-h8-d0-o1-c1", "handshake-h8-d0-o1-c2", "handshake-h8-d0-o1-c012", "handshake-h8-d0-o2-c0", "handshake-h8-d0-o2-c1", "handshake-h8-d0-o2-c2", "handshake-h8-d0-o2-c012", "handshake-h8-d1-o1-c0", "handshake-h8-d1-o1-c1", "handshake-h8-d1-o1-c2", "handshake-h8-d1-o1-c012", "handshake-h8-d1-o2-c0", "handshake-h8-d1-o2-c1", "handshake-h8-d1-o2-c2", "handshake-h8-d1-o2-c012", "handshake-h8-d2-o1-c0", "handshake-h8-d2-o1-c1", "handshake-h8-d2-o1-c2", "handshake-h8-d2-o1-c012", "handshake-h8-d2-o2-c0", "handshake-h8-d2-o2-c1", "handshake-h8-d2-o2-c2", "handshake-h8-d2-o2-c012", "handshake-h12-d0-o1-c0", "handshake-h12-d0-o1-c1", "handshake-h12-d0-o1-c2", "handshake-h12-d0-o1-c012", "handshake-h12-d0-o2-c0", "handshake-h12-d0-o2-c1", "handshake-h12-d0-o2-c2", "handshake-h12-d0-o2-c012", "handshake-h12-d1-o1-c0", "handshake-h12-d1-o1-c1", "handshake-h12-d1-o1-c2", "handshake-h12-d1-o1-c012", "handshake-h12-d1-o2-c0", "handshake-h12-d1-o2-c1", "handshake-h12-d1-o2-c2", "handshake-h12-d1-o2-c012", "handshake-h12-d2-o1-c0", "handshake-h12-d2-o1-c1", "handshake-h12-d2-o1-c2", "handshake-h12-d2-o1-c012", "handshake-h12-d2-o2-c0", "handshake-h12-d2-o2-c1", "handshake-h12-d2-o2-c2", "handshake-h12-d2-o2-c012", "lfsr-h4-d0-o1-c0", "lfsr-h4-d0-o1-c1", "lfsr-h4-d0-o1-c2", "lfsr-h4-d0-o1-c012", "lfsr-h4-d0-o2-c0", "lfsr-h4-d0-o2-c1", "lfsr-h4-d0-o2-c2", "lfsr-h4-d0-o2-c012", "lfsr-h4-d1-o1-c0", "lfsr-h4-d1-o1-c1", "lfsr-h4-d1-o1-c2", "lfsr-h4-d1-o1-c012", "lfsr-h4-d1-o2-c0", "lfsr-h4-d1-o2-c1", "lfsr-h4-d1-o2-c2", "lfsr-h4-d1-o2-c012", "lfsr-h4-d2-o1-c0", "lfsr-h4-d2-o1-c1", "lfsr-h4-d2-o1-c2", "lfsr-h4-d2-o1-c012", "lfsr-h4-d2-o2-c0", "lfsr-h4-d2-o2-c1", "lfsr-h4-d2-o2-c2", "lfsr-h4-d2-o2-c012", "lfsr-h8-d0-o1-c0", "lfsr-h8-d0-o1-c1", "lfsr-h8-d0-o1-c2", "lfsr-h8-d0-o1-c012", "lfsr-h8-d0-o2-c0", "lfsr-h8-d0-o2-c1", "lfsr-h8-d0-o2-c2", "lfsr-h8-d0-o2-c012", "lfsr-h8-d1-o1-c0", "lfsr-h8-d1-o1-c1", "lfsr-h8-d1-o1-c2", "lfsr-h8-d1-o1-c012", "lfsr-h8-d1-o2-c0", "lfsr-h8-d1-o2-c1", "lfsr-h8-d1-o2-c2", "lfsr-h8-d1-o2-c012", "lfsr-h8-d2-o1-c0", "lfsr-h8-d2-o1-c1", "lfsr-h8-d2-o1-c2", "lfsr-h8-d2-o1-c012", "lfsr-h8-d2-o2-c0", "lfsr-h8-d2-o2-c1", "lfsr-h8-d2-o2-c2", "lfsr-h8-d2-o2-c012", "lfsr-h12-d0-o1-c0", "lfsr-h12-d0-o1-c1", "lfsr-h12-d0-o1-c2", "lfsr-h12-d0-o1-c012", "lfsr-h12-d0-o2-c0", "lfsr-h12-d0-o2-c1", "lfsr-h12-d0-o2-c2", "lfsr-h12-d0-o2-c012", "lfsr-h12-d1-o1-c0", "lfsr-h12-d1-o1-c1", "lfsr-h12-d1-o1-c2", "lfsr-h12-d1-o1-c012", "lfsr-h12-d1-o2-c0", "lfsr-h12-d1-o2-c1", "lfsr-h12-d1-o2-c2", "lfsr-h12-d1-o2-c012", "lfsr-h12-d2-o1-c0", "lfsr-h12-d2-o1-c1", "lfsr-h12-d2-o1-c2", "lfsr-h12-d2-o1-c012", "lfsr-h12-d2-o2-c0", "lfsr-h12-d2-o2-c1", "lfsr-h12-d2-o2-c2", "lfsr-h12-d2-o2-c012"], "skipped": 0, "requested_cases": 432, "cpu_seconds": 2.301931862, "wall_seconds": 2.3020068869996066, "process_peak_rss_kib": 94256, "workers": 1, "instance": "models/campaign.json", "stop_policy": "check seconds boundary between atomic cases; exact selection is bounded to 12 taps; horizon bounds are declared by the selected instance"}}
