[
  {
    "file": "uart_tx.v",
    "upstream_bytes": 5268,
    "upstream_git_blob": "89906d6c5059a592dd086bbf60997368375cd1bb",
    "generated_bytes": 5255,
    "generated_sha256": "ab14142b94333d709da348102903776e1212799f4747a67a4a41e4502fae553d",
    "rewrite": "move existing parameters to ANSI module parameter list only"
  },
  {
    "file": "uart_rx.v",
    "upstream_bytes": 5718,
    "upstream_git_blob": "1cb2eadcb544f57864b29d380e893f92fac5f38c",
    "generated_bytes": 5705,
    "generated_sha256": "04f7c69b31da41038acbab296938c5cd0e5045e75f0bdc4b4966dc6f88d92d32",
    "rewrite": "move existing parameters to ANSI module parameter list only"
  }
]
{
  "campaign_sha256": "299fd14a45a9dd55d65e328427d68a07d924a4afb877b329fe8c5eef5e878092",
  "candidate_taps": 12,
  "captured_rows": 1584,
  "cases": 28,
  "classes": 6,
  "contexts": 3,
  "maximum_h_plus_offset": 32,
  "model_sha256": "30d7b38c5c1fbeba53fb368c194663504e8ecd7d3c680f1d6b273edef0c59b25",
  "raw_traces": 33,
  "rows_per_trace": 48,
  "variants": 11
}
{
  "status": "passed",
  "contexts": 3,
  "variants": 11,
  "traces": 33,
  "rows": 1584,
  "manifest_sha256": "d23076cc16b2151d255264846689ba35ec79c8c767bb239f9afba93f416367ac"
}
