{"case": "uart-h16-d0-o0-c0", "status": "infeasible", "cost": null, "cpu": 0.19058}
{"case": "uart-h16-d0-o0-c1", "status": "infeasible", "cost": null, "cpu": 0.138401}
{"case": "uart-h16-d0-o0-c2", "status": "infeasible", "cost": null, "cpu": 0.186561}
{"case": "uart-h16-d0-o0-call", "status": "infeasible", "cost": null, "cpu": 0.186906}
{"case": "uart-h16-d1-o0-c0", "status": "infeasible", "cost": null, "cpu": 0.144334}
{"case": "uart-h16-d1-o0-c1", "status": "infeasible", "cost": null, "cpu": 0.139189}
{"case": "uart-h16-d1-o0-c2", "status": "infeasible", "cost": null, "cpu": 0.141479}
{"case": "uart-h16-d1-o0-call", "status": "infeasible", "cost": null, "cpu": 0.141608}
{"case": "uart-h24-d0-o0-c0", "status": "feasible", "cost": 3, "cpu": 0.050785}
{"case": "uart-h24-d0-o0-c1", "status": "feasible", "cost": 5, "cpu": 0.065505}
{"case": "uart-h24-d0-o0-c2", "status": "feasible", "cost": 3, "cpu": 0.050128}
{"case": "uart-h24-d0-o0-call", "status": "feasible", "cost": 5, "cpu": 0.129354}
{"case": "uart-h24-d1-o0-c0", "status": "infeasible", "cost": null, "cpu": 0.201809}
{"case": "uart-h24-d1-o0-c1", "status": "infeasible", "cost": null, "cpu": 0.24228}
{"case": "uart-h24-d1-o0-c2", "status": "infeasible", "cost": null, "cpu": 0.197769}
{"case": "uart-h24-d1-o0-call", "status": "infeasible", "cost": null, "cpu": 0.21035}
{"case": "uart-h32-d0-o0-c0", "status": "feasible", "cost": 3, "cpu": 0.072325}
{"case": "uart-h32-d0-o0-c1", "status": "feasible", "cost": 4, "cpu": 0.088668}
{"case": "uart-h32-d0-o0-c2", "status": "feasible", "cost": 3, "cpu": 0.075662}
{"case": "uart-h32-d0-o0-call", "status": "feasible", "cost": 4, "cpu": 0.171218}
{"case": "uart-h32-d1-o0-c0", "status": "infeasible", "cost": null, "cpu": 0.299618}
{"case": "uart-h32-d1-o0-c1", "status": "infeasible", "cost": null, "cpu": 0.282492}
{"case": "uart-h32-d1-o0-c2", "status": "infeasible", "cost": null, "cpu": 0.283945}
{"case": "uart-h32-d1-o0-call", "status": "infeasible", "cost": null, "cpu": 0.293311}
{"case": "uart-h24-d0-o01-c0", "status": "feasible", "cost": 3, "cpu": 0.125706}
{"case": "uart-h24-d0-o01-c1", "status": "feasible", "cost": 5, "cpu": 0.158454}
{"case": "uart-h24-d0-o01-c2", "status": "feasible", "cost": 3, "cpu": 0.12234}
{"case": "uart-h24-d0-o01-call", "status": "feasible", "cost": 5, "cpu": 0.354745}
{"run_summary": {"cases": ["uart-h16-d0-o0-c0", "uart-h16-d0-o0-c1", "uart-h16-d0-o0-c2", "uart-h16-d0-o0-call", "uart-h16-d1-o0-c0", "uart-h16-d1-o0-c1", "uart-h16-d1-o0-c2", "uart-h16-d1-o0-call", "uart-h24-d0-o0-c0", "uart-h24-d0-o0-c1", "uart-h24-d0-o0-c2", "uart-h24-d0-o0-call", "uart-h24-d1-o0-c0", "uart-h24-d1-o0-c1", "uart-h24-d1-o0-c2", "uart-h24-d1-o0-call", "uart-h32-d0-o0-c0", "uart-h32-d0-o0-c1", "uart-h32-d0-o0-c2", "uart-h32-d0-o0-call", "uart-h32-d1-o0-c0", "uart-h32-d1-o0-c1", "uart-h32-d1-o0-c2", "uart-h32-d1-o0-call", "uart-h24-d0-o01-c0", "uart-h24-d0-o01-c1", "uart-h24-d0-o01-c2", "uart-h24-d0-o01-call"], "skipped": 0, "requested_cases": 28, "cpu_seconds": 4.846314877, "wall_seconds": 4.847548275999998, "process_peak_rss_kib": 94892, "workers": 1, "instance": "models/rtl-campaign.json", "stop_policy": "check seconds boundary between atomic cases; exact selection is bounded to 12 taps; horizon bounds are declared by the selected instance"}}
